Archive member included to satisfy reference by file (symbol)

c:/program files (x86)/atmel/studio/7.0/toolchain/avr8/avr8-gnu-toolchain/bin/../lib/gcc/avr/5.4.0/../../../../avr/lib/avr5\libm.a(addsf3.o)
                              grbl/motion_control.o (__subsf3)
c:/program files (x86)/atmel/studio/7.0/toolchain/avr8/avr8-gnu-toolchain/bin/../lib/gcc/avr/5.4.0/../../../../avr/lib/avr5\libm.a(addsf3x.o)
                              c:/program files (x86)/atmel/studio/7.0/toolchain/avr8/avr8-gnu-toolchain/bin/../lib/gcc/avr/5.4.0/../../../../avr/lib/avr5\libm.a(addsf3.o) (__addsf3x)
c:/program files (x86)/atmel/studio/7.0/toolchain/avr8/avr8-gnu-toolchain/bin/../lib/gcc/avr/5.4.0/../../../../avr/lib/avr5\libm.a(atan2.o)
                              grbl/motion_control.o (atan2)
c:/program files (x86)/atmel/studio/7.0/toolchain/avr8/avr8-gnu-toolchain/bin/../lib/gcc/avr/5.4.0/../../../../avr/lib/avr5\libm.a(atan.o)
                              c:/program files (x86)/atmel/studio/7.0/toolchain/avr8/avr8-gnu-toolchain/bin/../lib/gcc/avr/5.4.0/../../../../avr/lib/avr5\libm.a(atan2.o) (atan)
c:/program files (x86)/atmel/studio/7.0/toolchain/avr8/avr8-gnu-toolchain/bin/../lib/gcc/avr/5.4.0/../../../../avr/lib/avr5\libm.a(ceil.o)
                              grbl/stepper.o (ceil)
c:/program files (x86)/atmel/studio/7.0/toolchain/avr8/avr8-gnu-toolchain/bin/../lib/gcc/avr/5.4.0/../../../../avr/lib/avr5\libm.a(cmpsf2.o)
                              grbl/gcode.o (__eqsf2)
c:/program files (x86)/atmel/studio/7.0/toolchain/avr8/avr8-gnu-toolchain/bin/../lib/gcc/avr/5.4.0/../../../../avr/lib/avr5\libm.a(cos.o)
                              grbl/motion_control.o (cos)
c:/program files (x86)/atmel/studio/7.0/toolchain/avr8/avr8-gnu-toolchain/bin/../lib/gcc/avr/5.4.0/../../../../avr/lib/avr5\libm.a(divsf3.o)
                              grbl/motion_control.o (__divsf3)
c:/program files (x86)/atmel/studio/7.0/toolchain/avr8/avr8-gnu-toolchain/bin/../lib/gcc/avr/5.4.0/../../../../avr/lib/avr5\libm.a(divsf3x.o)
                              c:/program files (x86)/atmel/studio/7.0/toolchain/avr8/avr8-gnu-toolchain/bin/../lib/gcc/avr/5.4.0/../../../../avr/lib/avr5\libm.a(divsf3.o) (__divsf3x)
c:/program files (x86)/atmel/studio/7.0/toolchain/avr8/avr8-gnu-toolchain/bin/../lib/gcc/avr/5.4.0/../../../../avr/lib/avr5\libm.a(fixsfsi.o)
                              grbl/gcode.o (__fixsfsi)
c:/program files (x86)/atmel/studio/7.0/toolchain/avr8/avr8-gnu-toolchain/bin/../lib/gcc/avr/5.4.0/../../../../avr/lib/avr5\libm.a(fixunssfsi.o)
                              grbl/motion_control.o (__fixunssfsi)
c:/program files (x86)/atmel/studio/7.0/toolchain/avr8/avr8-gnu-toolchain/bin/../lib/gcc/avr/5.4.0/../../../../avr/lib/avr5\libm.a(floatsisf.o)
                              grbl/motion_control.o (__floatunsisf)
c:/program files (x86)/atmel/studio/7.0/toolchain/avr8/avr8-gnu-toolchain/bin/../lib/gcc/avr/5.4.0/../../../../avr/lib/avr5\libm.a(floor.o)
                              grbl/motion_control.o (floor)
c:/program files (x86)/atmel/studio/7.0/toolchain/avr8/avr8-gnu-toolchain/bin/../lib/gcc/avr/5.4.0/../../../../avr/lib/avr5\libm.a(fp_cmp.o)
                              c:/program files (x86)/atmel/studio/7.0/toolchain/avr8/avr8-gnu-toolchain/bin/../lib/gcc/avr/5.4.0/../../../../avr/lib/avr5\libm.a(cmpsf2.o) (__fp_cmp)
c:/program files (x86)/atmel/studio/7.0/toolchain/avr8/avr8-gnu-toolchain/bin/../lib/gcc/avr/5.4.0/../../../../avr/lib/avr5\libm.a(fp_inf.o)
                              c:/program files (x86)/atmel/studio/7.0/toolchain/avr8/avr8-gnu-toolchain/bin/../lib/gcc/avr/5.4.0/../../../../avr/lib/avr5\libm.a(addsf3x.o) (__fp_inf)
c:/program files (x86)/atmel/studio/7.0/toolchain/avr8/avr8-gnu-toolchain/bin/../lib/gcc/avr/5.4.0/../../../../avr/lib/avr5\libm.a(fp_mintl.o)
                              c:/program files (x86)/atmel/studio/7.0/toolchain/avr8/avr8-gnu-toolchain/bin/../lib/gcc/avr/5.4.0/../../../../avr/lib/avr5\libm.a(ceil.o) (__fp_mintl)
c:/program files (x86)/atmel/studio/7.0/toolchain/avr8/avr8-gnu-toolchain/bin/../lib/gcc/avr/5.4.0/../../../../avr/lib/avr5\libm.a(fp_mpack.o)
                              c:/program files (x86)/atmel/studio/7.0/toolchain/avr8/avr8-gnu-toolchain/bin/../lib/gcc/avr/5.4.0/../../../../avr/lib/avr5\libm.a(ceil.o) (__fp_mpack)
c:/program files (x86)/atmel/studio/7.0/toolchain/avr8/avr8-gnu-toolchain/bin/../lib/gcc/avr/5.4.0/../../../../avr/lib/avr5\libm.a(fp_nan.o)
                              c:/program files (x86)/atmel/studio/7.0/toolchain/avr8/avr8-gnu-toolchain/bin/../lib/gcc/avr/5.4.0/../../../../avr/lib/avr5\libm.a(addsf3x.o) (__fp_nan)
c:/program files (x86)/atmel/studio/7.0/toolchain/avr8/avr8-gnu-toolchain/bin/../lib/gcc/avr/5.4.0/../../../../avr/lib/avr5\libm.a(fp_powser.o)
                              c:/program files (x86)/atmel/studio/7.0/toolchain/avr8/avr8-gnu-toolchain/bin/../lib/gcc/avr/5.4.0/../../../../avr/lib/avr5\libm.a(atan.o) (__fp_powser)
[...]
Memory Configuration

Name             Origin             Length             Attributes
text             0x00000000         0x00020000         xr
data             0x00800060         0x0000ffa0         rw !x
eeprom           0x00810000         0x00010000         rw !x
fuse             0x00820000         0x00000003         rw !x
lock             0x00830000         0x00000400         rw !x
signature        0x00840000         0x00000400         rw !x
user_signatures  0x00850000         0x00000400         rw !x
*default*        0x00000000         0xffffffff

Linker script and memory map

Address of section .data set to 0x800100
LOAD C:/Program Files (x86)/Atmel/Studio/7.0/Packs/atmel/ATmega_DFP/1.3.300/gcc/dev/atmega328p/avr5/crtatmega328p.o
LOAD grbl/main.o
LOAD grbl/motion_control.o
LOAD grbl/gcode.o
LOAD grbl/spindle_control.o
LOAD grbl/coolant_control.o
LOAD grbl/serial.o
LOAD grbl/protocol.o
LOAD grbl/stepper.o
LOAD grbl/eeprom.o
LOAD grbl/settings.o
LOAD grbl/planner.o
LOAD grbl/nuts_bolts.o
LOAD grbl/limits.o
LOAD grbl/jog.o
LOAD grbl/print.o
LOAD grbl/probe.o
LOAD grbl/report.o
LOAD grbl/system.o
START GROUP
LOAD c:/program files (x86)/atmel/studio/7.0/toolchain/avr8/avr8-gnu-toolchain/bin/../lib/gcc/avr/5.4.0/../../../../avr/lib/avr5\libm.a
END GROUP
Address of section .gcode set to 0x6800
START GROUP
LOAD c:/program files (x86)/atmel/studio/7.0/toolchain/avr8/avr8-gnu-toolchain/bin/../lib/gcc/avr/5.4.0/avr5\libgcc.a
LOAD c:/program files (x86)/atmel/studio/7.0/toolchain/avr8/avr8-gnu-toolchain/bin/../lib/gcc/avr/5.4.0/../../../../avr/lib/avr5\libm.a
LOAD c:/program files (x86)/atmel/studio/7.0/toolchain/avr8/avr8-gnu-toolchain/bin/../lib/gcc/avr/5.4.0/../../../../avr/lib/avr5\libc.a
LOAD C:/Program Files (x86)/Atmel/Studio/7.0/Packs/atmel/ATmega_DFP/1.3.300/gcc/dev/atmega328p/avr5\libatmega328p.a
END GROUP
                0x00000000                __TEXT_REGION_ORIGIN__ = DEFINED (__TEXT_REGION_ORIGIN__)?__TEXT_REGION_ORIGIN__:0x0
                0x00800060                __DATA_REGION_ORIGIN__ = DEFINED (__DATA_REGION_ORIGIN__)?__DATA_REGION_ORIGIN__:0x800060
                0x00020000                __TEXT_REGION_LENGTH__ = DEFINED (__TEXT_REGION_LENGTH__)?__TEXT_REGION_LENGTH__:0x20000
                0x0000ffa0                __DATA_REGION_LENGTH__ = DEFINED (__DATA_REGION_LENGTH__)?__DATA_REGION_LENGTH__:0xffa0
                0x00010000                __EEPROM_REGION_LENGTH__ = DEFINED (__EEPROM_REGION_LENGTH__)?__EEPROM_REGION_LENGTH__:0x10000
                [0x00000003]                __FUSE_REGION_LENGTH__ = DEFINED (__FUSE_REGION_LENGTH__)?__FUSE_REGION_LENGTH__:0x400
                0x00000400                __LOCK_REGION_LENGTH__ = DEFINED (__LOCK_REGION_LENGTH__)?__LOCK_REGION_LENGTH__:0x400
                0x00000400                __SIGNATURE_REGION_LENGTH__ = DEFINED (__SIGNATURE_REGION_LENGTH__)?__SIGNATURE_REGION_LENGTH__:0x400
                0x00000400                __USER_SIGNATURE_REGION_LENGTH__ = DEFINED (__USER_SIGNATURE_REGION_LENGTH__)?__USER_SIGNATURE_REGION_LENGTH__:0x400

.hash
 *(.hash)

.dynsym
 *(.dynsym)

.dynstr
 *(.dynstr)

.gnu.version
 *(.gnu.version)

.gnu.version_d
 *(.gnu.version_d)

.gnu.version_r
 *(.gnu.version_r)

.rel.init
 *(.rel.init)

.rela.init
 *(.rela.init)

.rel.text
 *(.rel.text)
 *(.rel.text.*)
 *(.rel.gnu.linkonce.t*)

.rela.text
 *(.rela.text)
 *(.rela.text.*)
 *(.rela.gnu.linkonce.t*)

.rel.fini
 *(.rel.fini)

.rela.fini
 *(.rela.fini)

.rel.rodata
 *(.rel.rodata)
 *(.rel.rodata.*)
 *(.rel.gnu.linkonce.r*)

.rela.rodata
 *(.rela.rodata)
 *(.rela.rodata.*)
 *(.rela.gnu.linkonce.r*)

.rel.data
 *(.rel.data)
 *(.rel.data.*)
 *(.rel.gnu.linkonce.d*)

.rela.data
 *(.rela.data)
 *(.rela.data.*)
 *(.rela.gnu.linkonce.d*)

.rel.ctors
 *(.rel.ctors)

.rela.ctors
 *(.rela.ctors)

.rel.dtors
 *(.rel.dtors)

.rela.dtors
 *(.rela.dtors)

.rel.got
 *(.rel.got)

.rela.got
 *(.rela.got)

.rel.bss
 *(.rel.bss)

.rela.bss
 *(.rela.bss)

.rel.plt
 *(.rel.plt)

.rela.plt
 *(.rela.plt)

.text           0x00000000     0x6658
 *(.vectors)
 .vectors       0x00000000       0x68 C:/Program Files (x86)/Atmel/Studio/7.0/Packs/atmel/ATmega_DFP/1.3.300/gcc/dev/atmega328p/avr5/crtatmega328p.o
                0x00000000                __vector_default
                0x00000000                __vectors
 *(.vectors)
 *(.progmem.gcc*)
 .progmem.gcc_sw_table.gc_execute_line
                0x00000068      0x126 grbl/gcode.o
 .progmem.gcc_sw_table.__vector_18
                0x0000018e       0x3a grbl/serial.o
 .progmem.gcc_fplib
                0x000001c8       0x2d c:/program files (x86)/atmel/studio/7.0/toolchain/avr8/avr8-gnu-toolchain/bin/../lib/gcc/avr/5.4.0/../../../../avr/lib/avr5\libm.a(atan.o)
 .progmem.gcc_fplib
                0x000001f5       0x1e c:/program files (x86)/atmel/studio/7.0/toolchain/avr8/avr8-gnu-toolchain/bin/../lib/gcc/avr/5.4.0/../../../../avr/lib/avr5\libm.a(fp_sinus.o)
                0x00000214                . = ALIGN (0x2)
 *fill*         0x00000213        0x1 
                0x00000214                __trampolines_start = .
 *(.trampolines)
 .trampolines   0x00000214        0x0 linker stubs
 *(.trampolines*)
                0x00000214                __trampolines_end = .
 *libprintf_flt.a:*(.progmem.data)
 *libc.a:*(.progmem.data)
 *(.progmem*)
 .progmem.data.defaults
                0x00000214       0x55 grbl/settings.o
                0x00000214                defaults
 .progmem.data.__c.2547
                0x00000269       0x1d grbl/report.o
                0x00000286                . = ALIGN (0x2)
 *(.jumptables)
 *(.jumptables*)
 *(.lowtext)
 *(.lowtext*)
                0x00000286                __ctors_start = .
 *(.ctors)
                0x00000286                __ctors_end = .
                0x00000286                __dtors_start = .
 *(.dtors)
                0x00000286                __dtors_end = .
 SORT(*)(.ctors)
 SORT(*)(.dtors)
 *(.init0)
 .init0         0x00000286        0x0 C:/Program Files (x86)/Atmel/Studio/7.0/Packs/atmel/ATmega_DFP/1.3.300/gcc/dev/atmega328p/avr5/crtatmega328p.o
                0x00000286                __init
 *(.init0)
 *(.init1)
 *(.init1)
 *(.init2)
 .init2         0x00000286        0xc C:/Program Files (x86)/Atmel/Studio/7.0/Packs/atmel/ATmega_DFP/1.3.300/gcc/dev/atmega328p/avr5/crtatmega328p.o
 *(.init2)
 *(.init3)
 *(.init3)
 *(.init4)
 .init4         0x00000292       0x16 c:/program files (x86)/atmel/studio/7.0/toolchain/avr8/avr8-gnu-toolchain/bin/../lib/gcc/avr/5.4.0/avr5\libgcc.a(_copy_data.o)
                0x00000292                __do_copy_data
 .init4         0x000002a8       0x10 c:/program files (x86)/atmel/studio/7.0/toolchain/avr8/avr8-gnu-toolchain/bin/../lib/gcc/avr/5.4.0/avr5\libgcc.a(_clear_bss.o)
                0x000002a8                __do_clear_bss
 *(.init4)
 *(.init5)
 *(.init5)
 *(.init6)
 *(.init6)
 *(.init7)
 *(.init7)
 *(.init8)
 *(.init8)
 *(.init9)
 .init9         0x000002b8        0x8 C:/Program Files (x86)/Atmel/Studio/7.0/Packs/atmel/ATmega_DFP/1.3.300/gcc/dev/atmega328p/avr5/crtatmega328p.o
 *(.init9)
 *(.text)
 .text          0x000002c0        0x4 C:/Program Files (x86)/Atmel/Studio/7.0/Packs/atmel/ATmega_DFP/1.3.300/gcc/dev/atmega328p/avr5/crtatmega328p.o
                0x000002c0                __vector_22
                0x000002c0                __vector_1
                0x000002c0                __vector_24
                0x000002c0                __vector_12
                0x000002c0                __bad_interrupt
                0x000002c0                __vector_6
                0x000002c0                __vector_23
                0x000002c0                __vector_25
                0x000002c0                __vector_13
                0x000002c0                __vector_17
                0x000002c0                __vector_7
                0x000002c0                __vector_5
                0x000002c0                __vector_9
                0x000002c0                __vector_2
                0x000002c0                __vector_21
                0x000002c0                __vector_15
                0x000002c0                __vector_8
                0x000002c0                __vector_14
                0x000002c0                __vector_10
                0x000002c0                __vector_20
                0x000002c4                . = ALIGN (0x2)
 *(.text.*)
 .text.main     0x000002c4       0xa4 grbl/main.o
                0x000002c4                main
 .text.mc_line  0x00000368       0x82 grbl/motion_control.o
                0x00000368                mc_line
 .text.mc_arc   0x000003ea      0x5c2 grbl/motion_control.o
                0x000003ea                mc_arc
 .text.mc_dwell
                0x000009ac       0x2c grbl/motion_control.o
                0x000009ac                mc_dwell
 .text.mc_probe_cycle
                0x000009d8       0xf0 grbl/motion_control.o
                0x000009d8                mc_probe_cycle
 .text.mc_reset
                0x00000ac8       0x48 grbl/motion_control.o
                0x00000ac8                mc_reset
 .text.gc_init  0x00000b10       0x24 grbl/gcode.o
                0x00000b10                gc_init
 .text.gc_sync_position
                0x00000b34        0xe grbl/gcode.o
                0x00000b34                gc_sync_position
 .text.gc_execute_line
                0x00000b42     0x15ee grbl/gcode.o
                0x00000b42                gc_execute_line
 .text.spindle_stop
                0x00002130        0xc grbl/spindle_control.o
                0x00002130                spindle_stop
 .text.spindle_init
                0x0000213c       0x5a grbl/spindle_control.o
                0x0000213c                spindle_init
 .text.spindle_set_speed
                0x00002196       0x20 grbl/spindle_control.o
                0x00002196                spindle_set_speed
 .text.spindle_compute_pwm_value
                0x000021b6      0x13a grbl/spindle_control.o
                0x000021b6                spindle_compute_pwm_value
 .text.spindle_set_state
                0x000022f0       0x50 grbl/spindle_control.o
                0x000022f0                spindle_set_state
 .text.spindle_sync
                0x00002340       0x32 grbl/spindle_control.o
                0x00002340                spindle_sync
 .text.coolant_get_state
                0x00002372        0xc grbl/coolant_control.o
                0x00002372                coolant_get_state
 .text.coolant_stop
                0x0000237e        0x4 grbl/coolant_control.o
                0x0000237e                coolant_stop
 .text.coolant_init
                0x00002382        0x8 grbl/coolant_control.o
                0x00002382                coolant_init
 .text.coolant_set_state
                0x0000238a       0x18 grbl/coolant_control.o
                0x0000238a                coolant_set_state
 .text.coolant_sync
                0x000023a2       0x1a grbl/coolant_control.o
                0x000023a2                coolant_sync
 .text.serial_init
                0x000023bc       0x20 grbl/serial.o
                0x000023bc                serial_init
 .text.serial_write
                0x000023dc       0x38 grbl/serial.o
                0x000023dc                serial_write
 .text.__vector_19
                0x00002414       0x54 grbl/serial.o
                0x00002414                __vector_19
 .text.__vector_18
                0x00002468      0x160 grbl/serial.o
                0x00002468                __vector_18
 .text.serial_reset_read_buffer
                0x000025c8        0xa grbl/serial.o
                0x000025c8                serial_reset_read_buffer
 .text.gcode_get_byte
                0x000025d2       0x18 grbl/protocol.o
                0x000025d2                gcode_get_byte
 .text.protocol_auto_cycle_start
                0x000025ea       0x10 grbl/protocol.o
                0x000025ea                protocol_auto_cycle_start
 .text.protocol_exec_rt_system
                0x000025fa      0x388 grbl/protocol.o
                0x000025fa                protocol_exec_rt_system
 .text.protocol_execute_realtime
                0x00002982      0x246 grbl/protocol.o
                0x00002982                protocol_execute_realtime
 .text.protocol_main_loop
                0x00002bc8      0x152 grbl/protocol.o
                0x00002bc8                protocol_main_loop
 .text.protocol_buffer_synchronize
                0x00002d1a       0x2a grbl/protocol.o
                0x00002d1a                protocol_buffer_synchronize
 .text.st_wake_up
                0x00002d44       0x30 grbl/stepper.o
                0x00002d44                st_wake_up
 .text.st_go_idle
                0x00002d74       0x5c grbl/stepper.o
                0x00002d74                st_go_idle
 .text.__vector_11
                0x00002dd0      0x3f0 grbl/stepper.o
                0x00002dd0                __vector_11
 .text.__vector_16
                0x000031c0       0x2c grbl/stepper.o
                0x000031c0                __vector_16
 .text.st_generate_step_dir_invert_masks
                0x000031ec       0x80 grbl/stepper.o
                0x000031ec                st_generate_step_dir_invert_masks
 .text.st_reset
                0x0000326c       0x66 grbl/stepper.o
                0x0000326c                st_reset
 .text.stepper_init
                0x000032d2       0x44 grbl/stepper.o
                0x000032d2                stepper_init
 .text.st_update_plan_block_parameters
                0x00003316       0x40 grbl/stepper.o
                0x00003316                st_update_plan_block_parameters
 .text.st_prep_buffer
                0x00003356     0x10c0 grbl/stepper.o
                0x00003356                st_prep_buffer
 .text.eeprom_get_char
                0x00004416       0x10 grbl/eeprom.o
                0x00004416                eeprom_get_char
 .text.eeprom_put_char
                0x00004426       0x3e grbl/eeprom.o
                0x00004426                eeprom_put_char
 .text.memcpy_to_eeprom_with_checksum
                0x00004464       0x8a grbl/eeprom.o
                0x00004464                memcpy_to_eeprom_with_checksum
 .text.memcpy_from_eeprom_with_checksum
                0x000044ee       0x96 grbl/eeprom.o
                0x000044ee                memcpy_from_eeprom_with_checksum
 .text.settings_store_startup_line
                0x00004584       0x2a grbl/settings.o
                0x00004584                settings_store_startup_line
 .text.settings_write_coord_data
                0x000045ae       0x2a grbl/settings.o
                0x000045ae                settings_write_coord_data
 .text.write_global_settings
                0x000045d8       0x1c grbl/settings.o
                0x000045d8                write_global_settings
 .text.settings_restore
                0x000045f4       0xb4 grbl/settings.o
                0x000045f4                settings_restore
 .text.settings_read_startup_line
                0x000046a8       0x3a grbl/settings.o
                0x000046a8                settings_read_startup_line
 .text.settings_read_coord_data
                0x000046e2       0x42 grbl/settings.o
                0x000046e2                settings_read_coord_data
 .text.read_global_settings
                0x00004724       0x2c grbl/settings.o
                0x00004724                read_global_settings
 .text.settings_init
                0x00004750       0x1a grbl/settings.o
                0x00004750                settings_init
 .text.get_step_pin_mask
                0x0000476a       0x14 grbl/settings.o
                0x0000476a                get_step_pin_mask
 .text.get_direction_pin_mask
                0x0000477e       0x14 grbl/settings.o
                0x0000477e                get_direction_pin_mask
 .text.get_limit_pin_mask
                0x00004792       0x14 grbl/settings.o
                0x00004792                get_limit_pin_mask
 .text.planner_recalculate
                0x000047a6      0x2cc grbl/planner.o
 .text.plan_reset_buffer
                0x00004a72       0x14 grbl/planner.o
                0x00004a72                plan_reset_buffer
 .text.plan_reset
                0x00004a86       0x14 grbl/planner.o
                0x00004a86                plan_reset
 .text.plan_discard_current_block
                0x00004a9a       0x28 grbl/planner.o
                0x00004a9a                plan_discard_current_block
 .text.plan_get_system_motion_block
                0x00004ac2       0x12 grbl/planner.o
                0x00004ac2                plan_get_system_motion_block
 .text.plan_get_current_block
                0x00004ad4       0x20 grbl/planner.o
                0x00004ad4                plan_get_current_block
 .text.plan_get_exec_block_exit_speed_sqr
                0x00004af4       0x32 grbl/planner.o
                0x00004af4                plan_get_exec_block_exit_speed_sqr
 .text.plan_check_full_buffer
                0x00004b26       0x10 grbl/planner.o
                0x00004b26                plan_check_full_buffer
 .text.plan_compute_profile_nominal_speed
                0x00004b36       0xfa grbl/planner.o
                0x00004b36                plan_compute_profile_nominal_speed
 .text.plan_update_velocity_profile_parameters
                0x00004c30      0x174 grbl/planner.o
                0x00004c30                plan_update_velocity_profile_parameters
 .text.plan_buffer_line
                0x00004da4      0x626 grbl/planner.o
                0x00004da4                plan_buffer_line
 .text.plan_sync_position
                0x000053ca       0x24 grbl/planner.o
                0x000053ca                plan_sync_position
 .text.plan_cycle_reinitialize
                0x000053ee       0x12 grbl/planner.o
                0x000053ee                plan_cycle_reinitialize
 .text.read_float
                0x00005400      0x18c grbl/nuts_bolts.o
                0x00005400                read_float
 .text.delay_sec
                0x0000558c       0x7a grbl/nuts_bolts.o
                0x0000558c                delay_sec
 .text.delay_ms
                0x00005606       0x16 grbl/nuts_bolts.o
                0x00005606                delay_ms
 .text.hypot_f  0x0000561c       0x66 grbl/nuts_bolts.o
                0x0000561c                hypot_f
 .text.convert_delta_vector_to_unit_vector
                0x00005682       0xce grbl/nuts_bolts.o
                0x00005682                convert_delta_vector_to_unit_vector
 .text.limit_value_by_axis_maximum
                0x00005750       0xc8 grbl/nuts_bolts.o
                0x00005750                limit_value_by_axis_maximum
 .text.limits_disable
                0x00005818       0x16 grbl/limits.o
                0x00005818                limits_disable
 .text.limits_init
                0x0000582e       0x30 grbl/limits.o
                0x0000582e                limits_init
 .text.limits_get_state
                0x0000585e       0x64 grbl/limits.o
                0x0000585e                limits_get_state
 .text.__vector_3
                0x000058c2       0x5e grbl/limits.o
                0x000058c2                __vector_3
 .text.limits_soft_check
                0x00005920       0x46 grbl/limits.o
                0x00005920                limits_soft_check
 .text.jog_execute
                0x00005966       0x74 grbl/jog.o
                0x00005966                jog_execute
 .text.printPgmString
                0x000059da       0x24 grbl/print.o
                0x000059da                printPgmString
 .text.probe_configure_invert_mask
                0x000059fe       0x24 grbl/probe.o
                0x000059fe                probe_configure_invert_mask
 .text.probe_init
                0x00005a22        0xc grbl/probe.o
                0x00005a22                probe_init
 .text.probe_get_state
                0x00005a2e        0xc grbl/probe.o
                0x00005a2e                probe_get_state
 .text.probe_state_monitor
                0x00005a3a       0x2a grbl/probe.o
                0x00005a3a                probe_state_monitor
 .text.report_status_message
                0x00005a64        0x2 grbl/report.o
                0x00005a64                report_status_message
 .text.report_alarm_message
                0x00005a66        0x2 grbl/report.o
                0x00005a66                report_alarm_message
 .text.report_feedback_message
                0x00005a68        0x2 grbl/report.o
                0x00005a68                report_feedback_message
 .text.report_init_message
                0x00005a6a        0xa grbl/report.o
                0x00005a6a                report_init_message
 .text.report_grbl_settings
                0x00005a74        0x2 grbl/report.o
                0x00005a74                report_grbl_settings
 .text.report_probe_parameters
                0x00005a76        0x2 grbl/report.o
                0x00005a76                report_probe_parameters
 .text.report_execute_startup_message
                0x00005a78        0x2 grbl/report.o
                0x00005a78                report_execute_startup_message
 .text.report_echo_line_received
                0x00005a7a        0x2 grbl/report.o
                0x00005a7a                report_echo_line_received
 .text.report_realtime_status
                0x00005a7c        0x2 grbl/report.o
                0x00005a7c                report_realtime_status
 .text.report_realtime_debug
                0x00005a7e        0x2 grbl/report.o
                0x00005a7e                report_realtime_debug
 .text.system_init
                0x00005a80       0x22 grbl/system.o
                0x00005a80                system_init
 .text.system_control_get_state
                0x00005aa2       0x24 grbl/system.o
                0x00005aa2                system_control_get_state
 .text.__vector_4
                0x00005ac6       0x74 grbl/system.o
                0x00005ac6                __vector_4
 .text.system_check_safety_door_ajar
                0x00005b3a        0x4 grbl/system.o
                0x00005b3a                system_check_safety_door_ajar
 .text.system_execute_startup
                0x00005b3e       0x48 grbl/system.o
                0x00005b3e                system_execute_startup
 .text.system_flag_wco_change
                0x00005b86        0xa grbl/system.o
                0x00005b86                system_flag_wco_change
 .text.system_convert_axis_steps_to_mpos
                0x00005b90       0x38 grbl/system.o
                0x00005b90                system_convert_axis_steps_to_mpos
 .text.system_convert_array_steps_to_mpos
                0x00005bc8       0x36 grbl/system.o
                0x00005bc8                system_convert_array_steps_to_mpos
 .text.system_check_travel_limits
                0x00005bfe       0xd6 grbl/system.o
                0x00005bfe                system_check_travel_limits
 .text.system_set_exec_state_flag
                0x00005cd4       0x12 grbl/system.o
                0x00005cd4                system_set_exec_state_flag
 .text.system_clear_exec_state_flag
                0x00005ce6       0x14 grbl/system.o
                0x00005ce6                system_clear_exec_state_flag
 .text.system_set_exec_alarm
                0x00005cfa        0xc grbl/system.o
                0x00005cfa                system_set_exec_alarm
 .text.system_clear_exec_alarm
                0x00005d06        0xc grbl/system.o
                0x00005d06                system_clear_exec_alarm
 .text.system_set_exec_motion_override_flag
                0x00005d12       0x12 grbl/system.o
                0x00005d12                system_set_exec_motion_override_flag
 .text.system_set_exec_accessory_override_flag
                0x00005d24       0x12 grbl/system.o
                0x00005d24                system_set_exec_accessory_override_flag
 .text.system_clear_exec_motion_overrides
                0x00005d36        0xc grbl/system.o
                0x00005d36                system_clear_exec_motion_overrides
 .text.system_clear_exec_accessory_overrides
                0x00005d42        0xc grbl/system.o
                0x00005d42                system_clear_exec_accessory_overrides
 .text.avr-libc.fplib
                0x00005d4e        0xe c:/program files (x86)/atmel/studio/7.0/toolchain/avr8/avr8-gnu-toolchain/bin/../lib/gcc/avr/5.4.0/../../../../avr/lib/avr5\libm.a(addsf3.o)
                0x00005d4e                __subsf3
                0x00005d50                __addsf3
 .text.avr-libc.fplib
                0x00005d5c       0xcc c:/program files (x86)/atmel/studio/7.0/toolchain/avr8/avr8-gnu-toolchain/bin/../lib/gcc/avr/5.4.0/../../../../avr/lib/avr5\libm.a(addsf3x.o)
                0x00005d7e                __addsf3x
 .text.avr-libc.fplib
                0x00005e28       0x86 c:/program files (x86)/atmel/studio/7.0/toolchain/avr8/avr8-gnu-toolchain/bin/../lib/gcc/avr/5.4.0/../../../../avr/lib/avr5\libm.a(atan2.o)
                0x00005e4e                atan2
 .text.avr-libc.fplib
                0x00005eae       0x5e c:/program files (x86)/atmel/studio/7.0/toolchain/avr8/avr8-gnu-toolchain/bin/../lib/gcc/avr/5.4.0/../../../../avr/lib/avr5\libm.a(atan.o)
                0x00005eae                atan
 .text.avr-libc.fplib
                0x00005f0c       0x2e c:/program files (x86)/atmel/studio/7.0/toolchain/avr8/avr8-gnu-toolchain/bin/../lib/gcc/avr/5.4.0/../../../../avr/lib/avr5\libm.a(ceil.o)
                0x00005f0c                ceil
 .text.avr-libc.fplib
                0x00005f3a        0xa c:/program files (x86)/atmel/studio/7.0/toolchain/avr8/avr8-gnu-toolchain/bin/../lib/gcc/avr/5.4.0/../../../../avr/lib/avr5\libm.a(cmpsf2.o)
                0x00005f3a                __nesf2
                0x00005f3a                __eqsf2
                0x00005f3a                __cmpsf2
                0x00005f3a                __ltsf2
                0x00005f3a                __lesf2
 .text.avr-libc.fplib
                0x00005f44        0xa c:/program files (x86)/atmel/studio/7.0/toolchain/avr8/avr8-gnu-toolchain/bin/../lib/gcc/avr/5.4.0/../../../../avr/lib/avr5\libm.a(cos.o)
                0x00005f44                cos
 .text.avr-libc.fplib
                0x00005f4e        0x8 c:/program files (x86)/atmel/studio/7.0/toolchain/avr8/avr8-gnu-toolchain/bin/../lib/gcc/avr/5.4.0/../../../../avr/lib/avr5\libm.a(divsf3.o)
                0x00005f4e                __divsf3
 .text.avr-libc.fplib
                0x00005f56       0xdc c:/program files (x86)/atmel/studio/7.0/toolchain/avr8/avr8-gnu-toolchain/bin/../lib/gcc/avr/5.4.0/../../../../avr/lib/avr5\libm.a(divsf3x.o)
                0x00005f76                __divsf3x
                0x00005f7c                __divsf3_pse
 .text.avr-libc.fplib
                0x00006032        0xe c:/program files (x86)/atmel/studio/7.0/toolchain/avr8/avr8-gnu-toolchain/bin/../lib/gcc/avr/5.4.0/../../../../avr/lib/avr5\libm.a(fixsfsi.o)
                0x00006032                __fixsfsi
 .text.avr-libc.fplib
                0x00006040       0x5e c:/program files (x86)/atmel/studio/7.0/toolchain/avr8/avr8-gnu-toolchain/bin/../lib/gcc/avr/5.4.0/../../../../avr/lib/avr5\libm.a(fixunssfsi.o)
                0x00006040                __fixunssfsi
 .text.avr-libc.fplib
                0x0000609e       0x7a c:/program files (x86)/atmel/studio/7.0/toolchain/avr8/avr8-gnu-toolchain/bin/../lib/gcc/avr/5.4.0/../../../../avr/lib/avr5\libm.a(floatsisf.o)
                0x0000609e                __floatunsisf
                0x000060a2                __floatsisf
 .text.avr-libc.fplib
                0x00006118       0x2e c:/program files (x86)/atmel/studio/7.0/toolchain/avr8/avr8-gnu-toolchain/bin/../lib/gcc/avr/5.4.0/../../../../avr/lib/avr5\libm.a(floor.o)
                0x00006118                floor
 .text.avr-libc.fplib
                0x00006146       0x48 c:/program files (x86)/atmel/studio/7.0/toolchain/avr8/avr8-gnu-toolchain/bin/../lib/gcc/avr/5.4.0/../../../../avr/lib/avr5\libm.a(fp_cmp.o)
                0x00006146                __fp_cmp
 .text.avr-libc.fplib
                0x0000618e        0xc c:/program files (x86)/atmel/studio/7.0/toolchain/avr8/avr8-gnu-toolchain/bin/../lib/gcc/avr/5.4.0/../../../../avr/lib/avr5\libm.a(fp_inf.o)
                0x0000618e                __fp_inf
 .text.avr-libc.fplib
                0x0000619a       0x36 c:/program files (x86)/atmel/studio/7.0/toolchain/avr8/avr8-gnu-toolchain/bin/../lib/gcc/avr/5.4.0/../../../../avr/lib/avr5\libm.a(fp_mintl.o)
                0x0000619a                __fp_mintl
 .text.avr-libc.fplib
                0x000061d0       0x1c c:/program files (x86)/atmel/studio/7.0/toolchain/avr8/avr8-gnu-toolchain/bin/../lib/gcc/avr/5.4.0/../../../../avr/lib/avr5\libm.a(fp_mpack.o)
                0x000061d0                __fp_mpack
                0x000061d4                __fp_mpack_finite
 .text.avr-libc.fplib
                0x000061ec        0x6 c:/program files (x86)/atmel/studio/7.0/toolchain/avr8/avr8-gnu-toolchain/bin/../lib/gcc/avr/5.4.0/../../../../avr/lib/avr5\libm.a(fp_nan.o)
                0x000061ec                __fp_nan
 .text.avr-libc.fplib
                0x000061f2       0x4e c:/program files (x86)/atmel/studio/7.0/toolchain/avr8/avr8-gnu-toolchain/bin/../lib/gcc/avr/5.4.0/../../../../avr/lib/avr5\libm.a(fp_powser.o)
                0x000061f2                __fp_powser
 .text.avr-libc.fplib
                0x00006240        0xe c:/program files (x86)/atmel/studio/7.0/toolchain/avr8/avr8-gnu-toolchain/bin/../lib/gcc/avr/5.4.0/../../../../avr/lib/avr5\libm.a(fp_pscA.o)
                0x00006240                __fp_pscA
 .text.avr-libc.fplib
                0x0000624e        0xe c:/program files (x86)/atmel/studio/7.0/toolchain/avr8/avr8-gnu-toolchain/bin/../lib/gcc/avr/5.4.0/../../../../avr/lib/avr5\libm.a(fp_pscB.o)
                0x0000624e                __fp_pscB
 .text.avr-libc.fplib
                0x0000625c       0x56 c:/program files (x86)/atmel/studio/7.0/toolchain/avr8/avr8-gnu-toolchain/bin/../lib/gcc/avr/5.4.0/../../../../avr/lib/avr5\libm.a(fp_rempio2.o)
                0x00006260                __fp_rempio2
 .text.avr-libc.fplib
                0x000062b2       0x22 c:/program files (x86)/atmel/studio/7.0/toolchain/avr8/avr8-gnu-toolchain/bin/../lib/gcc/avr/5.4.0/../../../../avr/lib/avr5\libm.a(fp_round.o)
                0x000062b2                __fp_round
 .text.avr-libc.fplib
                0x000062d4       0x28 c:/program files (x86)/atmel/studio/7.0/toolchain/avr8/avr8-gnu-toolchain/bin/../lib/gcc/avr/5.4.0/../../../../avr/lib/avr5\libm.a(fp_sinus.o)
                0x000062d4                __fp_sinus
 .text.avr-libc.fplib
                0x000062fc       0x44 c:/program files (x86)/atmel/studio/7.0/toolchain/avr8/avr8-gnu-toolchain/bin/../lib/gcc/avr/5.4.0/../../../../avr/lib/avr5\libm.a(fp_split3.o)
                0x000062fc                __fp_split3
                0x0000630c                __fp_splitA
 .text.avr-libc.fplib
                0x00006340       0x30 c:/program files (x86)/atmel/studio/7.0/toolchain/avr8/avr8-gnu-toolchain/bin/../lib/gcc/avr/5.4.0/../../../../avr/lib/avr5\libm.a(fp_trunc.o)
                0x00006340                __fp_trunc
 .text.avr-libc.fplib
                0x00006370        0xe c:/program files (x86)/atmel/studio/7.0/toolchain/avr8/avr8-gnu-toolchain/bin/../lib/gcc/avr/5.4.0/../../../../avr/lib/avr5\libm.a(fp_zero.o)
                0x00006370                __fp_zero
                0x00006372                __fp_szero
 .text.avr-libc.fplib
                0x0000637e        0xa c:/program files (x86)/atmel/studio/7.0/toolchain/avr8/avr8-gnu-toolchain/bin/../lib/gcc/avr/5.4.0/../../../../avr/lib/avr5\libm.a(gesf2.o)
                0x0000637e                __gesf2
                0x0000637e                __gtsf2
 .text.avr-libc.fplib
                0x00006388       0x10 c:/program files (x86)/atmel/studio/7.0/toolchain/avr8/avr8-gnu-toolchain/bin/../lib/gcc/avr/5.4.0/../../../../avr/lib/avr5\libm.a(inverse.o)
                0x00006388                inverse
 .text.avr-libc.fplib
                0x00006398       0x66 c:/program files (x86)/atmel/studio/7.0/toolchain/avr8/avr8-gnu-toolchain/bin/../lib/gcc/avr/5.4.0/../../../../avr/lib/avr5\libm.a(lround.o)
                0x00006398                lround
 .text.avr-libc.fplib
                0x000063fe        0x8 c:/program files (x86)/atmel/studio/7.0/toolchain/avr8/avr8-gnu-toolchain/bin/../lib/gcc/avr/5.4.0/../../../../avr/lib/avr5\libm.a(mulsf3.o)
                0x000063fe                __mulsf3
 .text.avr-libc.fplib
                0x00006406       0xd2 c:/program files (x86)/atmel/studio/7.0/toolchain/avr8/avr8-gnu-toolchain/bin/../lib/gcc/avr/5.4.0/../../../../avr/lib/avr5\libm.a(mulsf3x.o)
                0x00006424                __mulsf3x
                0x0000642a                __mulsf3_pse
 .text.avr-libc.fplib
                0x000064d8       0x48 c:/program files (x86)/atmel/studio/7.0/toolchain/avr8/avr8-gnu-toolchain/bin/../lib/gcc/avr/5.4.0/../../../../avr/lib/avr5\libm.a(round.o)
                0x000064d8                round
 .text.avr-libc.fplib
                0x00006520       0x10 c:/program files (x86)/atmel/studio/7.0/toolchain/avr8/avr8-gnu-toolchain/bin/../lib/gcc/avr/5.4.0/../../../../avr/lib/avr5\libm.a(sin.o)
                0x00006520                sin
 .text.avr-libc.fplib
                0x00006530       0x8c c:/program files (x86)/atmel/studio/7.0/toolchain/avr8/avr8-gnu-toolchain/bin/../lib/gcc/avr/5.4.0/../../../../avr/lib/avr5\libm.a(sqrt.o)
                0x0000653c                sqrtf
                0x0000653c                sqrt
 .text.avr-libc.fplib
                0x000065bc        0x8 c:/program files (x86)/atmel/studio/7.0/toolchain/avr8/avr8-gnu-toolchain/bin/../lib/gcc/avr/5.4.0/../../../../avr/lib/avr5\libm.a(square.o)
                0x000065bc                square
 .text.avr-libc.fplib
                0x000065c4       0x16 c:/program files (x86)/atmel/studio/7.0/toolchain/avr8/avr8-gnu-toolchain/bin/../lib/gcc/avr/5.4.0/../../../../avr/lib/avr5\libm.a(trunc.o)
                0x000065c4                trunc
 .text.avr-libc.fplib
                0x000065da        0xe c:/program files (x86)/atmel/studio/7.0/toolchain/avr8/avr8-gnu-toolchain/bin/../lib/gcc/avr/5.4.0/../../../../avr/lib/avr5\libm.a(fp_norm2.o)
                0x000065da                __fp_norm2
 .text.avr-libc.fplib
                0x000065e8       0x28 c:/program files (x86)/atmel/studio/7.0/toolchain/avr8/avr8-gnu-toolchain/bin/../lib/gcc/avr/5.4.0/../../../../avr/lib/avr5\libm.a(fp_powsodd.o)
                0x000065e8                __fp_powsodd
 .text.libgcc   0x00006610        0xc c:/program files (x86)/atmel/studio/7.0/toolchain/avr8/avr8-gnu-toolchain/bin/../lib/gcc/avr/5.4.0/avr5\libgcc.a(_tablejump2.o)
                0x00006610                __tablejump2__
 .text.libgcc.mul
                0x0000661c       0x1e c:/program files (x86)/atmel/studio/7.0/toolchain/avr8/avr8-gnu-toolchain/bin/../lib/gcc/avr/5.4.0/avr5\libgcc.a(_umulhisi3.o)
                0x0000661c                __umulhisi3
 .text.avr-libc
                0x0000663a       0x1a c:/program files (x86)/atmel/studio/7.0/toolchain/avr8/avr8-gnu-toolchain/bin/../lib/gcc/avr/5.4.0/../../../../avr/lib/avr5\libc.a(memcmp.o)
                0x0000663a                memcmp
                0x00006654                . = ALIGN (0x2)
 *(.fini9)
 .fini9         0x00006654        0x0 c:/program files (x86)/atmel/studio/7.0/toolchain/avr8/avr8-gnu-toolchain/bin/../lib/gcc/avr/5.4.0/avr5\libgcc.a(_exit.o)
                0x00006654                _exit
                0x00006654                exit
 *(.fini9)
 *(.fini8)
 *(.fini8)
 *(.fini7)
 *(.fini7)
 *(.fini6)
 *(.fini6)
 *(.fini5)
 *(.fini5)
 *(.fini4)
 *(.fini4)
 *(.fini3)
 *(.fini3)
 *(.fini2)
 *(.fini2)
 *(.fini1)
 *(.fini1)
 *(.fini0)
 .fini0         0x00006654        0x4 c:/program files (x86)/atmel/studio/7.0/toolchain/avr8/avr8-gnu-toolchain/bin/../lib/gcc/avr/5.4.0/avr5\libgcc.a(_exit.o)
 *(.fini0)
                0x00006658                _etext = .

.data           0x00800100        0x2 load address 0x00006658
                0x00800100                PROVIDE (__data_start, .)
 *(.data)
 *(.data*)
 .data.p_gcode  0x00800100        0x2 grbl/protocol.o
                0x00800100                p_gcode
 *(.gnu.linkonce.d*)
 *(.rodata)
 *(.rodata*)
 *(.gnu.linkonce.r*)
                0x00800102                . = ALIGN (0x2)
                0x00800102                _edata = .
                0x00800102                PROVIDE (__data_end, .)

.bss            0x00800102      0x662
                0x00800102                PROVIDE (__bss_start, .)
 *(.bss)
 *(.bss*)
 .bss.pwm_gradient
                0x00800102        0x4 grbl/spindle_control.o
 .bss.serial_tx_buffer_tail
                0x00800106        0x1 grbl/serial.o
                0x00800106                serial_tx_buffer_tail
 .bss.serial_tx_buffer_head
                0x00800107        0x1 grbl/serial.o
                0x00800107                serial_tx_buffer_head
 .bss.serial_rx_buffer_tail
                0x00800108        0x1 grbl/serial.o
                0x00800108                serial_rx_buffer_tail
 .bss.serial_rx_buffer_head
                0x00800109        0x1 grbl/serial.o
                0x00800109                serial_rx_buffer_head
 .bss.line      0x0080010a       0x50 grbl/protocol.o
 .bss.prep      0x0080015a       0x30 grbl/stepper.o
 .bss.st_prep_block
                0x0080018a        0x2 grbl/stepper.o
 .bss.pl_block  0x0080018c        0x2 grbl/stepper.o
 .bss.busy      0x0080018e        0x1 grbl/stepper.o
 .bss.dir_port_invert_mask
                0x0080018f        0x1 grbl/stepper.o
 .bss.step_port_invert_mask
                0x00800190        0x1 grbl/stepper.o
 .bss.segment_next_head
                0x00800191        0x1 grbl/stepper.o
 .bss.segment_buffer_head
                0x00800192        0x1 grbl/stepper.o
 .bss.segment_buffer_tail
                0x00800193        0x1 grbl/stepper.o
 .bss.st        0x00800194       0x23 grbl/stepper.o
 .bss.segment_buffer
                0x008001b7       0x2a grbl/stepper.o
 .bss.st_block_buffer
                0x008001e1       0x5a grbl/stepper.o
 .bss.pl        0x0080023b       0x1c grbl/planner.o
 .bss.block_buffer_planned
                0x00800257        0x1 grbl/planner.o
 .bss.next_buffer_head
                0x00800258        0x1 grbl/planner.o
 .bss.block_buffer_head
                0x00800259        0x1 grbl/planner.o
 .bss.block_buffer_tail
                0x0080025a        0x1 grbl/planner.o
 .bss.block_buffer
                0x0080025b      0x320 grbl/planner.o
 *(COMMON)
 COMMON         0x0080057b       0x2f grbl/main.o
                0x0080057b                sys_rt_exec_motion_override
                0x0080057c                sys
                0x0080058d                sys_rt_exec_accessory_override
                0x0080058e                sys_rt_exec_state
                0x0080058f                sys_probe_state
                0x00800590                sys_probe_position
                0x0080059c                sys_position
                0x008005a8                sys_rt_exec_alarm
                0x008005a9                sys_rt_exec_debug
 COMMON         0x008005aa       0x7a grbl/gcode.o
                0x008005aa                gc_state
                0x008005ea                gc_block
 COMMON         0x00800624       0xea grbl/serial.o
                0x00800624                serial_tx_buffer
                0x0080068d                serial_rx_buffer
 COMMON         0x0080070e       0x55 grbl/settings.o
                0x0080070e                settings
 COMMON         0x00800763        0x1 grbl/probe.o
                0x00800763                probe_invert_mask
                0x00800764                PROVIDE (__bss_end, .)
                0x00006658                __data_load_start = LOADADDR (.data)
                0x0000665a                __data_load_end = (__data_load_start + SIZEOF (.data))

.noinit         0x00800764        0x0
                [!provide]                PROVIDE (__noinit_start, .)
 *(.noinit*)
                [!provide]                PROVIDE (__noinit_end, .)
                0x00800764                _end = .
                [!provide]                PROVIDE (__heap_start, .)

.eeprom         0x00810000        0x0
 *(.eeprom*)
                0x00810000                __eeprom_end = .

.fuse
 *(.fuse)
 *(.lfuse)
 *(.hfuse)
 *(.efuse)

.lock
 *(.lock*)

.signature
 *(.signature*)

.user_signatures
 *(.user_signatures*)

.stab
 *(.stab)

.stabstr
 *(.stabstr)

.stab.excl
 *(.stab.excl)

.stab.exclstr
 *(.stab.exclstr)

.stab.index
 *(.stab.index)

.stab.indexstr
 *(.stab.indexstr)

.comment        0x00000000       0x30
 *(.comment)
 .comment       0x00000000       0x30 grbl/main.o
                                 0x31 (size before relaxing)
 .comment       0x00000030       0x31 grbl/motion_control.o
 .comment       0x00000030       0x31 grbl/gcode.o
 .comment       0x00000030       0x31 grbl/spindle_control.o
 .comment       0x00000030       0x31 grbl/coolant_control.o
 .comment       0x00000030       0x31 grbl/serial.o
 .comment       0x00000030       0x31 grbl/protocol.o
 .comment       0x00000030       0x31 grbl/stepper.o
 .comment       0x00000030       0x31 grbl/eeprom.o
 .comment       0x00000030       0x31 grbl/settings.o
 .comment       0x00000030       0x31 grbl/planner.o
 .comment       0x00000030       0x31 grbl/nuts_bolts.o
 .comment       0x00000030       0x31 grbl/limits.o
 .comment       0x00000030       0x31 grbl/jog.o
 .comment       0x00000030       0x31 grbl/print.o
 .comment       0x00000030       0x31 grbl/probe.o
 .comment       0x00000030       0x31 grbl/report.o
 .comment       0x00000030       0x31 grbl/system.o

.note.gnu.avr.deviceinfo
                0x00000000       0x40
 .note.gnu.avr.deviceinfo
                0x00000000       0x40 C:/Program Files (x86)/Atmel/Studio/7.0/Packs/atmel/ATmega_DFP/1.3.300/gcc/dev/atmega328p/avr5/crtatmega328p.o

.note.gnu.build-id
 *(.note.gnu.build-id)

.debug
 *(.debug)

.line
 *(.line)

.debug_srcinfo
 *(.debug_srcinfo)

.debug_sfnames
 *(.debug_sfnames)

.debug_aranges  0x00000000      0x618
 *(.debug_aranges)
 .debug_aranges
                0x00000000       0x20 grbl/main.o
 .debug_aranges
                0x00000020       0x48 grbl/motion_control.o
 .debug_aranges
                0x00000068       0x30 grbl/gcode.o
 .debug_aranges
                0x00000098       0x50 grbl/spindle_control.o
 .debug_aranges
                0x000000e8       0x40 grbl/coolant_control.o
 .debug_aranges
                0x00000128       0x60 grbl/serial.o
 .debug_aranges
                0x00000188       0x48 grbl/protocol.o
 .debug_aranges
                0x000001d0       0x68 grbl/stepper.o
 .debug_aranges
                0x00000238       0x38 grbl/eeprom.o
 .debug_aranges
                0x00000270       0x88 grbl/settings.o
 .debug_aranges
                0x000002f8       0x98 grbl/planner.o
 .debug_aranges
                0x00000390       0x50 grbl/nuts_bolts.o
 .debug_aranges
                0x000003e0       0x48 grbl/limits.o
 .debug_aranges
                0x00000428       0x20 grbl/jog.o
 .debug_aranges
                0x00000448       0x60 grbl/print.o
 .debug_aranges
                0x000004a8       0x38 grbl/probe.o
 .debug_aranges
                0x000004e0       0x90 grbl/report.o
 .debug_aranges
                0x00000570       0xa8 grbl/system.o

.debug_pubnames
 *(.debug_pubnames)

.debug_info     0x00000000     0x872a
 *(.debug_info .gnu.linkonce.wi.*)
 .debug_info    0x00000000      0x5f4 C:/Program Files (x86)/Atmel/Studio/7.0/Packs/atmel/ATmega_DFP/1.3.300/gcc/dev/atmega328p/avr5/crtatmega328p.o
 .debug_info    0x000005f4      0x3e5 grbl/main.o
 .debug_info    0x000009d9      0xa5e grbl/motion_control.o
 .debug_info    0x00001437      0xda2 grbl/gcode.o
 .debug_info    0x000021d9      0x44d grbl/spindle_control.o
 .debug_info    0x00002626      0x23d grbl/coolant_control.o
 .debug_info    0x00002863      0x58d grbl/serial.o
 .debug_info    0x00002df0      0xd4e grbl/protocol.o
 .debug_info    0x00003b3e      0xbe5 grbl/stepper.o
 .debug_info    0x00004723      0x227 grbl/eeprom.o
 .debug_info    0x0000494a      0x979 grbl/settings.o
 .debug_info    0x000052c3      0xb4f grbl/planner.o
 .debug_info    0x00005e12      0x628 grbl/nuts_bolts.o
 .debug_info    0x0000643a      0x789 grbl/limits.o
 .debug_info    0x00006bc3      0x541 grbl/jog.o
 .debug_info    0x00007104      0x5bc grbl/print.o
 .debug_info    0x000076c0      0x2b6 grbl/probe.o
 .debug_info    0x00007976      0x2ad grbl/report.o
 .debug_info    0x00007c23      0xb07 grbl/system.o

.debug_abbrev   0x00000000     0x2391
 *(.debug_abbrev)
 .debug_abbrev  0x00000000      0x5a2 C:/Program Files (x86)/Atmel/Studio/7.0/Packs/atmel/ATmega_DFP/1.3.300/gcc/dev/atmega328p/avr5/crtatmega328p.o
 .debug_abbrev  0x000005a2       0xed grbl/main.o
 .debug_abbrev  0x0000068f      0x1e5 grbl/motion_control.o
 .debug_abbrev  0x00000874      0x1a7 grbl/gcode.o
 .debug_abbrev  0x00000a1b      0x1ad grbl/spindle_control.o
 .debug_abbrev  0x00000bc8      0x143 grbl/coolant_control.o
 .debug_abbrev  0x00000d0b      0x1ae grbl/serial.o
 .debug_abbrev  0x00000eb9      0x1de grbl/protocol.o
 .debug_abbrev  0x00001097      0x23f grbl/stepper.o
 .debug_abbrev  0x000012d6       0xfd grbl/eeprom.o
 .debug_abbrev  0x000013d3      0x21b grbl/settings.o
 .debug_abbrev  0x000015ee      0x2db grbl/planner.o
 .debug_abbrev  0x000018c9      0x1c4 grbl/nuts_bolts.o
 .debug_abbrev  0x00001a8d      0x1ee grbl/limits.o
 .debug_abbrev  0x00001c7b      0x102 grbl/jog.o
 .debug_abbrev  0x00001d7d      0x17f grbl/print.o
 .debug_abbrev  0x00001efc      0x10b grbl/probe.o
 .debug_abbrev  0x00002007      0x110 grbl/report.o
 .debug_abbrev  0x00002117      0x27a grbl/system.o

.debug_line     0x00000000     0x54bc
 *(.debug_line .debug_line.* .debug_line_end)
 .debug_line    0x00000000      0x133 C:/Program Files (x86)/Atmel/Studio/7.0/Packs/atmel/ATmega_DFP/1.3.300/gcc/dev/atmega328p/avr5/crtatmega328p.o
 .debug_line    0x00000133      0x276 grbl/main.o
 .debug_line    0x000003a9      0x48f grbl/motion_control.o
 .debug_line    0x00000838      0xd95 grbl/gcode.o
 .debug_line    0x000015cd      0x256 grbl/spindle_control.o
 .debug_line    0x00001823      0x165 grbl/coolant_control.o
 .debug_line    0x00001988      0x32c grbl/serial.o
 .debug_line    0x00001cb4      0x971 grbl/protocol.o
 .debug_line    0x00002625      0x92c grbl/stepper.o
 .debug_line    0x00002f51      0x22d grbl/eeprom.o
 .debug_line    0x0000317e      0x5c7 grbl/settings.o
 .debug_line    0x00003745      0x65c grbl/planner.o
 .debug_line    0x00003da1      0x3f6 grbl/nuts_bolts.o
 .debug_line    0x00004197      0x471 grbl/limits.o
 .debug_line    0x00004608      0x13e grbl/jog.o
 .debug_line    0x00004746      0x360 grbl/print.o
 .debug_line    0x00004aa6      0x142 grbl/probe.o
 .debug_line    0x00004be8      0x1a0 grbl/report.o
 .debug_line    0x00004d88      0x734 grbl/system.o

.debug_frame    0x00000000     0x13ac
 *(.debug_frame)
 .debug_frame   0x00000000       0x24 grbl/main.o
 .debug_frame   0x00000024      0x12c grbl/motion_control.o
 .debug_frame   0x00000150       0xa4 grbl/gcode.o
 .debug_frame   0x000001f4       0xdc grbl/spindle_control.o
 .debug_frame   0x000002d0       0x6c grbl/coolant_control.o
 .debug_frame   0x0000033c      0x10c grbl/serial.o
 .debug_frame   0x00000448       0xf0 grbl/protocol.o
 .debug_frame   0x00000538      0x1b0 grbl/stepper.o
 .debug_frame   0x000006e8       0xcc grbl/eeprom.o
 .debug_frame   0x000007b4      0x17c grbl/settings.o
 .debug_frame   0x00000930      0x250 grbl/planner.o
 .debug_frame   0x00000b80      0x1bc grbl/nuts_bolts.o
 .debug_frame   0x00000d3c      0x148 grbl/limits.o
 .debug_frame   0x00000e84       0x38 grbl/jog.o
 .debug_frame   0x00000ebc      0x17c grbl/print.o
 .debug_frame   0x00001038       0x54 grbl/probe.o
 .debug_frame   0x0000108c      0x104 grbl/report.o
 .debug_frame   0x00001190      0x21c grbl/system.o

.debug_str      0x00000000     0x1cfd
 *(.debug_str)
 .debug_str     0x00000000      0x208 C:/Program Files (x86)/Atmel/Studio/7.0/Packs/atmel/ATmega_DFP/1.3.300/gcc/dev/atmega328p/avr5/crtatmega328p.o
 .debug_str     0x00000208      0x355 grbl/main.o
                                0x3ce (size before relaxing)
 .debug_str     0x0000055d      0x3e0 grbl/motion_control.o
                                0x6fa (size before relaxing)
 .debug_str     0x0000093d      0x2c2 grbl/gcode.o
                                0x74c (size before relaxing)
 .debug_str     0x00000bff       0x65 grbl/spindle_control.o
                                0x410 (size before relaxing)
 .debug_str     0x00000c64       0x3a grbl/coolant_control.o
                                0x29e (size before relaxing)
 .debug_str     0x00000c9e      0x17b grbl/serial.o
                                0x414 (size before relaxing)
 .debug_str     0x00000e19      0x31d grbl/protocol.o
                                0x95c (size before relaxing)
 .debug_str     0x00001136      0x446 grbl/stepper.o
                                0x990 (size before relaxing)
 .debug_str     0x0000157c       0xac grbl/eeprom.o
                                0x205 (size before relaxing)
 .debug_str     0x00001628      0x138 grbl/settings.o
                                0x56b (size before relaxing)
 .debug_str     0x00001760      0x211 grbl/planner.o
                                0x7d4 (size before relaxing)
 .debug_str     0x00001971       0xb5 grbl/nuts_bolts.o
                                0x3d3 (size before relaxing)
 .debug_str     0x00001a26       0x92 grbl/limits.o
                                0x5b7 (size before relaxing)
 .debug_str     0x00001ab8        0xe grbl/jog.o
                                0x499 (size before relaxing)
 .debug_str     0x00001ac6       0xdd grbl/print.o
                                0x38d (size before relaxing)
 .debug_str     0x00001ba3       0x22 grbl/probe.o
                                0x348 (size before relaxing)
 .debug_str     0x00001bc5       0xb4 grbl/report.o
                                0x2e4 (size before relaxing)
 .debug_str     0x00001c79       0x84 grbl/system.o
                                0x7d7 (size before relaxing)

.debug_loc      0x00000000     0x6705
 *(.debug_loc)
 .debug_loc     0x00000000       0x13 grbl/main.o
 .debug_loc     0x00000013      0x8ec grbl/motion_control.o
 .debug_loc     0x000008ff      0xde3 grbl/gcode.o
 .debug_loc     0x000016e2      0x2bd grbl/spindle_control.o
 .debug_loc     0x0000199f       0x6d grbl/coolant_control.o
 .debug_loc     0x00001a0c      0x31e grbl/serial.o
 .debug_loc     0x00001d2a      0x3d9 grbl/protocol.o
 .debug_loc     0x00002103      0xb05 grbl/stepper.o
 .debug_loc     0x00002c08      0x480 grbl/eeprom.o
 .debug_loc     0x00003088      0xad5 grbl/settings.o
 .debug_loc     0x00003b5d      0x9f7 grbl/planner.o
 .debug_loc     0x00004554      0xbb2 grbl/nuts_bolts.o
 .debug_loc     0x00005106      0x63b grbl/limits.o
 .debug_loc     0x00005741       0xd3 grbl/jog.o
 .debug_loc     0x00005814      0x839 grbl/print.o
 .debug_loc     0x0000604d       0x21 grbl/probe.o
 .debug_loc     0x0000606e      0x697 grbl/system.o

.debug_macinfo
 *(.debug_macinfo)

.debug_weaknames
 *(.debug_weaknames)

.debug_funcnames
 *(.debug_funcnames)

.debug_typenames
 *(.debug_typenames)

.debug_varnames
 *(.debug_varnames)

.debug_pubtypes
 *(.debug_pubtypes)

.debug_ranges   0x00000000      0x610
 *(.debug_ranges)
 .debug_ranges  0x00000000       0x10 grbl/main.o
 .debug_ranges  0x00000010       0x38 grbl/motion_control.o
 .debug_ranges  0x00000048       0x80 grbl/gcode.o
 .debug_ranges  0x000000c8       0x40 grbl/spindle_control.o
 .debug_ranges  0x00000108       0x30 grbl/coolant_control.o
 .debug_ranges  0x00000138       0x50 grbl/serial.o
 .debug_ranges  0x00000188       0x50 grbl/protocol.o
 .debug_ranges  0x000001d8       0x90 grbl/stepper.o
 .debug_ranges  0x00000268       0x28 grbl/eeprom.o
 .debug_ranges  0x00000290       0xb0 grbl/settings.o
 .debug_ranges  0x00000340       0x88 grbl/planner.o
 .debug_ranges  0x000003c8       0x40 grbl/nuts_bolts.o
 .debug_ranges  0x00000408       0x50 grbl/limits.o
 .debug_ranges  0x00000458       0x10 grbl/jog.o
 .debug_ranges  0x00000468       0x68 grbl/print.o
 .debug_ranges  0x000004d0       0x28 grbl/probe.o
 .debug_ranges  0x000004f8       0x80 grbl/report.o
 .debug_ranges  0x00000578       0x98 grbl/system.o

.debug_macro
 *(.debug_macro)
OUTPUT(MyGRBL.elf elf32-avr)
LOAD linker stubs

.gcode          0x00006800        0x0
