Archive member included to satisfy reference by file (symbol)

c:/program files (x86)/atmel/studio/7.0/toolchain/avr8/avr8-gnu-toolchain/bin/../lib/gcc/avr/5.4.0/../../../../avr/lib/avr5\libm.a(addsf3.o)
                              grbl/motion_control.o (__subsf3)
c:/program files (x86)/atmel/studio/7.0/toolchain/avr8/avr8-gnu-toolchain/bin/../lib/gcc/avr/5.4.0/../../../../avr/lib/avr5\libm.a(addsf3x.o)
                              c:/program files (x86)/atmel/studio/7.0/toolchain/avr8/avr8-gnu-toolchain/bin/../lib/gcc/avr/5.4.0/../../../../avr/lib/avr5\libm.a(addsf3.o) (__addsf3x)
c:/program files (x86)/atmel/studio/7.0/toolchain/avr8/avr8-gnu-toolchain/bin/../lib/gcc/avr/5.4.0/../../../../avr/lib/avr5\libm.a(atan2.o)
                              grbl/motion_control.o (atan2)
c:/program files (x86)/atmel/studio/7.0/toolchain/avr8/avr8-gnu-toolchain/bin/../lib/gcc/avr/5.4.0/../../../../avr/lib/avr5\libm.a(atan.o)
                              c:/program files (x86)/atmel/studio/7.0/toolchain/avr8/avr8-gnu-toolchain/bin/../lib/gcc/avr/5.4.0/../../../../avr/lib/avr5\libm.a(atan2.o) (atan)
c:/program files (x86)/atmel/studio/7.0/toolchain/avr8/avr8-gnu-toolchain/bin/../lib/gcc/avr/5.4.0/../../../../avr/lib/avr5\libm.a(ceil.o)
                              grbl/stepper.o (ceil)
c:/program files (x86)/atmel/studio/7.0/toolchain/avr8/avr8-gnu-toolchain/bin/../lib/gcc/avr/5.4.0/../../../../avr/lib/avr5\libm.a(cmpsf2.o)
                              grbl/gcode.o (__eqsf2)
c:/program files (x86)/atmel/studio/7.0/toolchain/avr8/avr8-gnu-toolchain/bin/../lib/gcc/avr/5.4.0/../../../../avr/lib/avr5\libm.a(cos.o)
                              grbl/motion_control.o (cos)
c:/program files (x86)/atmel/studio/7.0/toolchain/avr8/avr8-gnu-toolchain/bin/../lib/gcc/avr/5.4.0/../../../../avr/lib/avr5\libm.a(divsf3.o)
                              grbl/motion_control.o (__divsf3)
c:/program files (x86)/atmel/studio/7.0/toolchain/avr8/avr8-gnu-toolchain/bin/../lib/gcc/avr/5.4.0/../../../../avr/lib/avr5\libm.a(divsf3x.o)
                              c:/program files (x86)/atmel/studio/7.0/toolchain/avr8/avr8-gnu-toolchain/bin/../lib/gcc/avr/5.4.0/../../../../avr/lib/avr5\libm.a(divsf3.o) (__divsf3x)
c:/program files (x86)/atmel/studio/7.0/toolchain/avr8/avr8-gnu-toolchain/bin/../lib/gcc/avr/5.4.0/../../../../avr/lib/avr5\libm.a(fixsfsi.o)
                              grbl/gcode.o (__fixsfsi)
c:/program files (x86)/atmel/studio/7.0/toolchain/avr8/avr8-gnu-toolchain/bin/../lib/gcc/avr/5.4.0/../../../../avr/lib/avr5\libm.a(fixunssfsi.o)
                              grbl/motion_control.o (__fixunssfsi)
c:/program files (x86)/atmel/studio/7.0/toolchain/avr8/avr8-gnu-toolchain/bin/../lib/gcc/avr/5.4.0/../../../../avr/lib/avr5\libm.a(floatsisf.o)
                              grbl/motion_control.o (__floatunsisf)
c:/program files (x86)/atmel/studio/7.0/toolchain/avr8/avr8-gnu-toolchain/bin/../lib/gcc/avr/5.4.0/../../../../avr/lib/avr5\libm.a(floor.o)
                              grbl/motion_control.o (floor)
c:/program files (x86)/atmel/studio/7.0/toolchain/avr8/avr8-gnu-toolchain/bin/../lib/gcc/avr/5.4.0/../../../../avr/lib/avr5\libm.a(fp_cmp.o)
                              c:/program files (x86)/atmel/studio/7.0/toolchain/avr8/avr8-gnu-toolchain/bin/../lib/gcc/avr/5.4.0/../../../../avr/lib/avr5\libm.a(cmpsf2.o) (__fp_cmp)
c:/program files (x86)/atmel/studio/7.0/toolchain/avr8/avr8-gnu-toolchain/bin/../lib/gcc/avr/5.4.0/../../../../avr/lib/avr5\libm.a(fp_inf.o)
                              c:/program files (x86)/atmel/studio/7.0/toolchain/avr8/avr8-gnu-toolchain/bin/../lib/gcc/avr/5.4.0/../../../../avr/lib/avr5\libm.a(addsf3x.o) (__fp_inf)
c:/program files (x86)/atmel/studio/7.0/toolchain/avr8/avr8-gnu-toolchain/bin/../lib/gcc/avr/5.4.0/../../../../avr/lib/avr5\libm.a(fp_mintl.o)
                              c:/program files (x86)/atmel/studio/7.0/toolchain/avr8/avr8-gnu-toolchain/bin/../lib/gcc/avr/5.4.0/../../../../avr/lib/avr5\libm.a(ceil.o) (__fp_mintl)
c:/program files (x86)/atmel/studio/7.0/toolchain/avr8/avr8-gnu-toolchain/bin/../lib/gcc/avr/5.4.0/../../../../avr/lib/avr5\libm.a(fp_mpack.o)
                              c:/program files (x86)/atmel/studio/7.0/toolchain/avr8/avr8-gnu-toolchain/bin/../lib/gcc/avr/5.4.0/../../../../avr/lib/avr5\libm.a(ceil.o) (__fp_mpack)
c:/program files (x86)/atmel/studio/7.0/toolchain/avr8/avr8-gnu-toolchain/bin/../lib/gcc/avr/5.4.0/../../../../avr/lib/avr5\libm.a(fp_nan.o)
                              c:/program files (x86)/atmel/studio/7.0/toolchain/avr8/avr8-gnu-toolchain/bin/../lib/gcc/avr/5.4.0/../../../../avr/lib/avr5\libm.a(addsf3x.o) (__fp_nan)
c:/program files (x86)/atmel/studio/7.0/toolchain/avr8/avr8-gnu-toolchain/bin/../lib/gcc/avr/5.4.0/../../../../avr/lib/avr5\libm.a(fp_powser.o)
                              c:/program files (x86)/atmel/studio/7.0/toolchain/avr8/avr8-gnu-toolchain/bin/../lib/gcc/avr/5.4.0/../../../../avr/lib/avr5\libm.a(atan.o) (__fp_powser)
[...]
Memory Configuration

Name             Origin             Length             Attributes
text             0x00000000         0x00020000         xr
data             0x00800060         0x0000ffa0         rw !x
eeprom           0x00810000         0x00010000         rw !x
fuse             0x00820000         0x00000003         rw !x
lock             0x00830000         0x00000400         rw !x
signature        0x00840000         0x00000400         rw !x
user_signatures  0x00850000         0x00000400         rw !x
*default*        0x00000000         0xffffffff

Linker script and memory map

Address of section .data set to 0x800100
LOAD C:/Program Files (x86)/Atmel/Studio/7.0/Packs/atmel/ATmega_DFP/1.3.300/gcc/dev/atmega328p/avr5/crtatmega328p.o
LOAD grbl/main.o
LOAD grbl/motion_control.o
LOAD grbl/gcode.o
LOAD grbl/spindle_control.o
LOAD grbl/coolant_control.o
LOAD grbl/serial.o
LOAD grbl/protocol.o
LOAD grbl/stepper.o
LOAD grbl/eeprom.o
LOAD grbl/settings.o
LOAD grbl/planner.o
LOAD grbl/nuts_bolts.o
LOAD grbl/limits.o
LOAD grbl/jog.o
LOAD grbl/print.o
LOAD grbl/probe.o
LOAD grbl/report.o
LOAD grbl/system.o
START GROUP
LOAD c:/program files (x86)/atmel/studio/7.0/toolchain/avr8/avr8-gnu-toolchain/bin/../lib/gcc/avr/5.4.0/../../../../avr/lib/avr5\libm.a
END GROUP
Address of section .gcode set to 0x6800
START GROUP
LOAD c:/program files (x86)/atmel/studio/7.0/toolchain/avr8/avr8-gnu-toolchain/bin/../lib/gcc/avr/5.4.0/avr5\libgcc.a
LOAD c:/program files (x86)/atmel/studio/7.0/toolchain/avr8/avr8-gnu-toolchain/bin/../lib/gcc/avr/5.4.0/../../../../avr/lib/avr5\libm.a
LOAD c:/program files (x86)/atmel/studio/7.0/toolchain/avr8/avr8-gnu-toolchain/bin/../lib/gcc/avr/5.4.0/../../../../avr/lib/avr5\libc.a
LOAD C:/Program Files (x86)/Atmel/Studio/7.0/Packs/atmel/ATmega_DFP/1.3.300/gcc/dev/atmega328p/avr5\libatmega328p.a
END GROUP
                0x00000000                __TEXT_REGION_ORIGIN__ = DEFINED (__TEXT_REGION_ORIGIN__)?__TEXT_REGION_ORIGIN__:0x0
                0x00800060                __DATA_REGION_ORIGIN__ = DEFINED (__DATA_REGION_ORIGIN__)?__DATA_REGION_ORIGIN__:0x800060
                0x00020000                __TEXT_REGION_LENGTH__ = DEFINED (__TEXT_REGION_LENGTH__)?__TEXT_REGION_LENGTH__:0x20000
                0x0000ffa0                __DATA_REGION_LENGTH__ = DEFINED (__DATA_REGION_LENGTH__)?__DATA_REGION_LENGTH__:0xffa0
                0x00010000                __EEPROM_REGION_LENGTH__ = DEFINED (__EEPROM_REGION_LENGTH__)?__EEPROM_REGION_LENGTH__:0x10000
                [0x00000003]                __FUSE_REGION_LENGTH__ = DEFINED (__FUSE_REGION_LENGTH__)?__FUSE_REGION_LENGTH__:0x400
                0x00000400                __LOCK_REGION_LENGTH__ = DEFINED (__LOCK_REGION_LENGTH__)?__LOCK_REGION_LENGTH__:0x400
                0x00000400                __SIGNATURE_REGION_LENGTH__ = DEFINED (__SIGNATURE_REGION_LENGTH__)?__SIGNATURE_REGION_LENGTH__:0x400
                0x00000400                __USER_SIGNATURE_REGION_LENGTH__ = DEFINED (__USER_SIGNATURE_REGION_LENGTH__)?__USER_SIGNATURE_REGION_LENGTH__:0x400

.hash
 *(.hash)

.dynsym
 *(.dynsym)

.dynstr
 *(.dynstr)

.gnu.version
 *(.gnu.version)

.gnu.version_d
 *(.gnu.version_d)

.gnu.version_r
 *(.gnu.version_r)

.rel.init
 *(.rel.init)

.rela.init
 *(.rela.init)

.rel.text
 *(.rel.text)
 *(.rel.text.*)
 *(.rel.gnu.linkonce.t*)

.rela.text
 *(.rela.text)
 *(.rela.text.*)
 *(.rela.gnu.linkonce.t*)

.rel.fini
 *(.rel.fini)

.rela.fini
 *(.rela.fini)

.rel.rodata
 *(.rel.rodata)
 *(.rel.rodata.*)
 *(.rel.gnu.linkonce.r*)

.rela.rodata
 *(.rela.rodata)
 *(.rela.rodata.*)
 *(.rela.gnu.linkonce.r*)

.rel.data
 *(.rel.data)
 *(.rel.data.*)
 *(.rel.gnu.linkonce.d*)

.rela.data
 *(.rela.data)
 *(.rela.data.*)
 *(.rela.gnu.linkonce.d*)

.rel.ctors
 *(.rel.ctors)

.rela.ctors
 *(.rela.ctors)

.rel.dtors
 *(.rel.dtors)

.rela.dtors
 *(.rela.dtors)

.rel.got
 *(.rel.got)

.rela.got
 *(.rela.got)

.rel.bss
 *(.rel.bss)

.rela.bss
 *(.rela.bss)

.rel.plt
 *(.rel.plt)

.rela.plt
 *(.rela.plt)

.text           0x00000000     0x65e6
 *(.vectors)
 .vectors       0x00000000       0x68 C:/Program Files (x86)/Atmel/Studio/7.0/Packs/atmel/ATmega_DFP/1.3.300/gcc/dev/atmega328p/avr5/crtatmega328p.o
                0x00000000                __vector_default
                0x00000000                __vectors
 *(.vectors)
 *(.progmem.gcc*)
 .progmem.gcc_sw_table.gc_execute_line
                0x00000068      0x126 grbl/gcode.o
 .progmem.gcc_sw_table.__vector_18
                0x0000018e       0x3a grbl/serial.o
 .progmem.gcc_fplib
                0x000001c8       0x2d c:/program files (x86)/atmel/studio/7.0/toolchain/avr8/avr8-gnu-toolchain/bin/../lib/gcc/avr/5.4.0/../../../../avr/lib/avr5\libm.a(atan.o)
 .progmem.gcc_fplib
                0x000001f5       0x1e c:/program files (x86)/atmel/studio/7.0/toolchain/avr8/avr8-gnu-toolchain/bin/../lib/gcc/avr/5.4.0/../../../../avr/lib/avr5\libm.a(fp_sinus.o)
                0x00000214                . = ALIGN (0x2)
 *fill*         0x00000213        0x1 
                0x00000214                __trampolines_start = .
 *(.trampolines)
 .trampolines   0x00000214        0x0 linker stubs
 *(.trampolines*)
                0x00000214                __trampolines_end = .
 *libprintf_flt.a:*(.progmem.data)
 *libc.a:*(.progmem.data)
 *(.progmem*)
 .progmem.data.defaults
                0x00000214       0x55 grbl/settings.o
                0x00000214                defaults
                0x0000026a                . = ALIGN (0x2)
 *fill*         0x00000269        0x1 
 *(.jumptables)
 *(.jumptables*)
 *(.lowtext)
 *(.lowtext*)
                0x0000026a                __ctors_start = .
 *(.ctors)
                0x0000026a                __ctors_end = .
                0x0000026a                __dtors_start = .
 *(.dtors)
                0x0000026a                __dtors_end = .
 SORT(*)(.ctors)
 SORT(*)(.dtors)
 *(.init0)
 .init0         0x0000026a        0x0 C:/Program Files (x86)/Atmel/Studio/7.0/Packs/atmel/ATmega_DFP/1.3.300/gcc/dev/atmega328p/avr5/crtatmega328p.o
                0x0000026a                __init
 *(.init0)
 *(.init1)
 *(.init1)
 *(.init2)
 .init2         0x0000026a        0xc C:/Program Files (x86)/Atmel/Studio/7.0/Packs/atmel/ATmega_DFP/1.3.300/gcc/dev/atmega328p/avr5/crtatmega328p.o
 *(.init2)
 *(.init3)
 *(.init3)
 *(.init4)
 .init4         0x00000276       0x16 c:/program files (x86)/atmel/studio/7.0/toolchain/avr8/avr8-gnu-toolchain/bin/../lib/gcc/avr/5.4.0/avr5\libgcc.a(_copy_data.o)
                0x00000276                __do_copy_data
 .init4         0x0000028c       0x10 c:/program files (x86)/atmel/studio/7.0/toolchain/avr8/avr8-gnu-toolchain/bin/../lib/gcc/avr/5.4.0/avr5\libgcc.a(_clear_bss.o)
                0x0000028c                __do_clear_bss
 *(.init4)
 *(.init5)
 *(.init5)
 *(.init6)
 *(.init6)
 *(.init7)
 *(.init7)
 *(.init8)
 *(.init8)
 *(.init9)
 .init9         0x0000029c        0x8 C:/Program Files (x86)/Atmel/Studio/7.0/Packs/atmel/ATmega_DFP/1.3.300/gcc/dev/atmega328p/avr5/crtatmega328p.o
 *(.init9)
 *(.text)
 .text          0x000002a4        0x4 C:/Program Files (x86)/Atmel/Studio/7.0/Packs/atmel/ATmega_DFP/1.3.300/gcc/dev/atmega328p/avr5/crtatmega328p.o
                0x000002a4                __vector_22
                0x000002a4                __vector_1
                0x000002a4                __vector_24
                0x000002a4                __vector_12
                0x000002a4                __bad_interrupt
                0x000002a4                __vector_6
                0x000002a4                __vector_23
                0x000002a4                __vector_25
                0x000002a4                __vector_13
                0x000002a4                __vector_17
                0x000002a4                __vector_7
                0x000002a4                __vector_5
                0x000002a4                __vector_9
                0x000002a4                __vector_2
                0x000002a4                __vector_21
                0x000002a4                __vector_15
                0x000002a4                __vector_8
                0x000002a4                __vector_14
                0x000002a4                __vector_10
                0x000002a4                __vector_20
                0x000002a8                . = ALIGN (0x2)
 *(.text.*)
 .text.main     0x000002a8       0xb2 grbl/main.o
                0x000002a8                main
 .text.mc_line  0x0000035a       0x82 grbl/motion_control.o
                0x0000035a                mc_line
 .text.mc_arc   0x000003dc      0x5c2 grbl/motion_control.o
                0x000003dc                mc_arc
 .text.mc_dwell
                0x0000099e       0x2c grbl/motion_control.o
                0x0000099e                mc_dwell
 .text.mc_probe_cycle
                0x000009ca       0xf0 grbl/motion_control.o
                0x000009ca                mc_probe_cycle
 .text.mc_reset
                0x00000aba       0x48 grbl/motion_control.o
                0x00000aba                mc_reset
 .text.gc_init  0x00000b02       0x24 grbl/gcode.o
                0x00000b02                gc_init
 .text.gc_sync_position
                0x00000b26        0xe grbl/gcode.o
                0x00000b26                gc_sync_position
 .text.gc_execute_line
                0x00000b34     0x15ee grbl/gcode.o
                0x00000b34                gc_execute_line
 .text.spindle_stop
                0x00002122        0xc grbl/spindle_control.o
                0x00002122                spindle_stop
 .text.spindle_init
                0x0000212e       0x5a grbl/spindle_control.o
                0x0000212e                spindle_init
 .text.spindle_set_speed
                0x00002188       0x20 grbl/spindle_control.o
                0x00002188                spindle_set_speed
 .text.spindle_compute_pwm_value
                0x000021a8      0x13a grbl/spindle_control.o
                0x000021a8                spindle_compute_pwm_value
 .text.spindle_set_state
                0x000022e2       0x50 grbl/spindle_control.o
                0x000022e2                spindle_set_state
 .text.spindle_sync
                0x00002332       0x32 grbl/spindle_control.o
                0x00002332                spindle_sync
 .text.coolant_get_state
                0x00002364        0xc grbl/coolant_control.o
                0x00002364                coolant_get_state
 .text.coolant_stop
                0x00002370        0x4 grbl/coolant_control.o
                0x00002370                coolant_stop
 .text.coolant_init
                0x00002374        0x8 grbl/coolant_control.o
                0x00002374                coolant_init
 .text.coolant_set_state
                0x0000237c       0x18 grbl/coolant_control.o
                0x0000237c                coolant_set_state
 .text.coolant_sync
                0x00002394       0x1a grbl/coolant_control.o
                0x00002394                coolant_sync
 .text.serial_init
                0x000023ae       0x20 grbl/serial.o
                0x000023ae                serial_init
 .text.__vector_19
                0x000023ce       0x54 grbl/serial.o
                0x000023ce                __vector_19
 .text.__vector_18
                0x00002422      0x160 grbl/serial.o
                0x00002422                __vector_18
 .text.serial_reset_read_buffer
                0x00002582        0xa grbl/serial.o
                0x00002582                serial_reset_read_buffer
 .text.gcode_get_byte
                0x0000258c       0x18 grbl/protocol.o
                0x0000258c                gcode_get_byte
 .text.protocol_auto_cycle_start
                0x000025a4       0x10 grbl/protocol.o
                0x000025a4                protocol_auto_cycle_start
 .text.protocol_exec_rt_system
                0x000025b4      0x388 grbl/protocol.o
                0x000025b4                protocol_exec_rt_system
 .text.protocol_execute_realtime
                0x0000293c      0x246 grbl/protocol.o
                0x0000293c                protocol_execute_realtime
 .text.protocol_main_loop
                0x00002b82      0x152 grbl/protocol.o
                0x00002b82                protocol_main_loop
 .text.protocol_buffer_synchronize
                0x00002cd4       0x2a grbl/protocol.o
                0x00002cd4                protocol_buffer_synchronize
 .text.st_wake_up
                0x00002cfe       0x30 grbl/stepper.o
                0x00002cfe                st_wake_up
 .text.st_go_idle
                0x00002d2e       0x5c grbl/stepper.o
                0x00002d2e                st_go_idle
 .text.__vector_11
                0x00002d8a      0x3f0 grbl/stepper.o
                0x00002d8a                __vector_11
 .text.__vector_16
                0x0000317a       0x2c grbl/stepper.o
                0x0000317a                __vector_16
 .text.st_generate_step_dir_invert_masks
                0x000031a6       0x80 grbl/stepper.o
                0x000031a6                st_generate_step_dir_invert_masks
 .text.st_reset
                0x00003226       0x66 grbl/stepper.o
                0x00003226                st_reset
 .text.stepper_init
                0x0000328c       0x44 grbl/stepper.o
                0x0000328c                stepper_init
 .text.st_update_plan_block_parameters
                0x000032d0       0x40 grbl/stepper.o
                0x000032d0                st_update_plan_block_parameters
 .text.st_prep_buffer
                0x00003310     0x10c0 grbl/stepper.o
                0x00003310                st_prep_buffer
 .text.eeprom_get_char
                0x000043d0       0x10 grbl/eeprom.o
                0x000043d0                eeprom_get_char
 .text.eeprom_put_char
                0x000043e0       0x3e grbl/eeprom.o
                0x000043e0                eeprom_put_char
 .text.memcpy_to_eeprom_with_checksum
                0x0000441e       0x8a grbl/eeprom.o
                0x0000441e                memcpy_to_eeprom_with_checksum
 .text.memcpy_from_eeprom_with_checksum
                0x000044a8       0x96 grbl/eeprom.o
                0x000044a8                memcpy_from_eeprom_with_checksum
 .text.settings_store_startup_line
                0x0000453e       0x2a grbl/settings.o
                0x0000453e                settings_store_startup_line
 .text.settings_write_coord_data
                0x00004568       0x2a grbl/settings.o
                0x00004568                settings_write_coord_data
 .text.write_global_settings
                0x00004592       0x1c grbl/settings.o
                0x00004592                write_global_settings
 .text.settings_restore
                0x000045ae       0xb4 grbl/settings.o
                0x000045ae                settings_restore
 .text.settings_read_startup_line
                0x00004662       0x3a grbl/settings.o
                0x00004662                settings_read_startup_line
 .text.settings_read_coord_data
                0x0000469c       0x42 grbl/settings.o
                0x0000469c                settings_read_coord_data
 .text.read_global_settings
                0x000046de       0x2c grbl/settings.o
                0x000046de                read_global_settings
 .text.settings_init
                0x0000470a       0x1a grbl/settings.o
                0x0000470a                settings_init
 .text.get_step_pin_mask
                0x00004724       0x14 grbl/settings.o
                0x00004724                get_step_pin_mask
 .text.get_direction_pin_mask
                0x00004738       0x14 grbl/settings.o
                0x00004738                get_direction_pin_mask
 .text.get_limit_pin_mask
                0x0000474c       0x14 grbl/settings.o
                0x0000474c                get_limit_pin_mask
 .text.planner_recalculate
                0x00004760      0x2cc grbl/planner.o
 .text.plan_reset_buffer
                0x00004a2c       0x14 grbl/planner.o
                0x00004a2c                plan_reset_buffer
 .text.plan_reset
                0x00004a40       0x14 grbl/planner.o
                0x00004a40                plan_reset
 .text.plan_discard_current_block
                0x00004a54       0x28 grbl/planner.o
                0x00004a54                plan_discard_current_block
 .text.plan_get_system_motion_block
                0x00004a7c       0x12 grbl/planner.o
                0x00004a7c                plan_get_system_motion_block
 .text.plan_get_current_block
                0x00004a8e       0x20 grbl/planner.o
                0x00004a8e                plan_get_current_block
 .text.plan_get_exec_block_exit_speed_sqr
                0x00004aae       0x32 grbl/planner.o
                0x00004aae                plan_get_exec_block_exit_speed_sqr
 .text.plan_check_full_buffer
                0x00004ae0       0x10 grbl/planner.o
                0x00004ae0                plan_check_full_buffer
 .text.plan_compute_profile_nominal_speed
                0x00004af0       0xfa grbl/planner.o
                0x00004af0                plan_compute_profile_nominal_speed
 .text.plan_update_velocity_profile_parameters
                0x00004bea      0x174 grbl/planner.o
                0x00004bea                plan_update_velocity_profile_parameters
 .text.plan_buffer_line
                0x00004d5e      0x626 grbl/planner.o
                0x00004d5e                plan_buffer_line
 .text.plan_sync_position
                0x00005384       0x24 grbl/planner.o
                0x00005384                plan_sync_position
 .text.plan_cycle_reinitialize
                0x000053a8       0x12 grbl/planner.o
                0x000053a8                plan_cycle_reinitialize
 .text.read_float
                0x000053ba      0x18c grbl/nuts_bolts.o
                0x000053ba                read_float
 .text.delay_sec
                0x00005546       0x7a grbl/nuts_bolts.o
                0x00005546                delay_sec
 .text.delay_ms
                0x000055c0       0x16 grbl/nuts_bolts.o
                0x000055c0                delay_ms
 .text.hypot_f  0x000055d6       0x66 grbl/nuts_bolts.o
                0x000055d6                hypot_f
 .text.convert_delta_vector_to_unit_vector
                0x0000563c       0xce grbl/nuts_bolts.o
                0x0000563c                convert_delta_vector_to_unit_vector
 .text.limit_value_by_axis_maximum
                0x0000570a       0xc8 grbl/nuts_bolts.o
                0x0000570a                limit_value_by_axis_maximum
 .text.limits_disable
                0x000057d2       0x16 grbl/limits.o
                0x000057d2                limits_disable
 .text.limits_init
                0x000057e8       0x30 grbl/limits.o
                0x000057e8                limits_init
 .text.limits_get_state
                0x00005818       0x64 grbl/limits.o
                0x00005818                limits_get_state
 .text.__vector_3
                0x0000587c       0x5e grbl/limits.o
                0x0000587c                __vector_3
 .text.limits_soft_check
                0x000058da       0x46 grbl/limits.o
                0x000058da                limits_soft_check
 .text.jog_execute
                0x00005920       0x74 grbl/jog.o
                0x00005920                jog_execute
 .text.probe_configure_invert_mask
                0x00005994       0x24 grbl/probe.o
                0x00005994                probe_configure_invert_mask
 .text.probe_init
                0x000059b8        0xc grbl/probe.o
                0x000059b8                probe_init
 .text.probe_get_state
                0x000059c4        0xc grbl/probe.o
                0x000059c4                probe_get_state
 .text.probe_state_monitor
                0x000059d0       0x2a grbl/probe.o
                0x000059d0                probe_state_monitor
 .text.report_status_message
                0x000059fa        0x2 grbl/report.o
                0x000059fa                report_status_message
 .text.report_alarm_message
                0x000059fc        0x2 grbl/report.o
                0x000059fc                report_alarm_message
 .text.report_feedback_message
                0x000059fe        0x2 grbl/report.o
                0x000059fe                report_feedback_message
 .text.report_init_message
                0x00005a00        0x2 grbl/report.o
                0x00005a00                report_init_message
 .text.report_grbl_settings
                0x00005a02        0x2 grbl/report.o
                0x00005a02                report_grbl_settings
 .text.report_probe_parameters
                0x00005a04        0x2 grbl/report.o
                0x00005a04                report_probe_parameters
 .text.report_execute_startup_message
                0x00005a06        0x2 grbl/report.o
                0x00005a06                report_execute_startup_message
 .text.report_echo_line_received
                0x00005a08        0x2 grbl/report.o
                0x00005a08                report_echo_line_received
 .text.report_realtime_status
                0x00005a0a        0x2 grbl/report.o
                0x00005a0a                report_realtime_status
 .text.report_realtime_debug
                0x00005a0c        0x2 grbl/report.o
                0x00005a0c                report_realtime_debug
 .text.system_init
                0x00005a0e       0x22 grbl/system.o
                0x00005a0e                system_init
 .text.system_control_get_state
                0x00005a30       0x24 grbl/system.o
                0x00005a30                system_control_get_state
 .text.__vector_4
                0x00005a54       0x74 grbl/system.o
                0x00005a54                __vector_4
 .text.system_check_safety_door_ajar
                0x00005ac8        0x4 grbl/system.o
                0x00005ac8                system_check_safety_door_ajar
 .text.system_execute_startup
                0x00005acc       0x48 grbl/system.o
                0x00005acc                system_execute_startup
 .text.system_flag_wco_change
                0x00005b14        0xa grbl/system.o
                0x00005b14                system_flag_wco_change
 .text.system_convert_axis_steps_to_mpos
                0x00005b1e       0x38 grbl/system.o
                0x00005b1e                system_convert_axis_steps_to_mpos
 .text.system_convert_array_steps_to_mpos
                0x00005b56       0x36 grbl/system.o
                0x00005b56                system_convert_array_steps_to_mpos
 .text.system_check_travel_limits
                0x00005b8c       0xd6 grbl/system.o
                0x00005b8c                system_check_travel_limits
 .text.system_set_exec_state_flag
                0x00005c62       0x12 grbl/system.o
                0x00005c62                system_set_exec_state_flag
 .text.system_clear_exec_state_flag
                0x00005c74       0x14 grbl/system.o
                0x00005c74                system_clear_exec_state_flag
 .text.system_set_exec_alarm
                0x00005c88        0xc grbl/system.o
                0x00005c88                system_set_exec_alarm
 .text.system_clear_exec_alarm
                0x00005c94        0xc grbl/system.o
                0x00005c94                system_clear_exec_alarm
 .text.system_set_exec_motion_override_flag
                0x00005ca0       0x12 grbl/system.o
                0x00005ca0                system_set_exec_motion_override_flag
 .text.system_set_exec_accessory_override_flag
                0x00005cb2       0x12 grbl/system.o
                0x00005cb2                system_set_exec_accessory_override_flag
 .text.system_clear_exec_motion_overrides
                0x00005cc4        0xc grbl/system.o
                0x00005cc4                system_clear_exec_motion_overrides
 .text.system_clear_exec_accessory_overrides
                0x00005cd0        0xc grbl/system.o
                0x00005cd0                system_clear_exec_accessory_overrides
 .text.avr-libc.fplib
                0x00005cdc        0xe c:/program files (x86)/atmel/studio/7.0/toolchain/avr8/avr8-gnu-toolchain/bin/../lib/gcc/avr/5.4.0/../../../../avr/lib/avr5\libm.a(addsf3.o)
                0x00005cdc                __subsf3
                0x00005cde                __addsf3
 .text.avr-libc.fplib
                0x00005cea       0xcc c:/program files (x86)/atmel/studio/7.0/toolchain/avr8/avr8-gnu-toolchain/bin/../lib/gcc/avr/5.4.0/../../../../avr/lib/avr5\libm.a(addsf3x.o)
                0x00005d0c                __addsf3x
 .text.avr-libc.fplib
                0x00005db6       0x86 c:/program files (x86)/atmel/studio/7.0/toolchain/avr8/avr8-gnu-toolchain/bin/../lib/gcc/avr/5.4.0/../../../../avr/lib/avr5\libm.a(atan2.o)
                0x00005ddc                atan2
 .text.avr-libc.fplib
                0x00005e3c       0x5e c:/program files (x86)/atmel/studio/7.0/toolchain/avr8/avr8-gnu-toolchain/bin/../lib/gcc/avr/5.4.0/../../../../avr/lib/avr5\libm.a(atan.o)
                0x00005e3c                atan
 .text.avr-libc.fplib
                0x00005e9a       0x2e c:/program files (x86)/atmel/studio/7.0/toolchain/avr8/avr8-gnu-toolchain/bin/../lib/gcc/avr/5.4.0/../../../../avr/lib/avr5\libm.a(ceil.o)
                0x00005e9a                ceil
 .text.avr-libc.fplib
                0x00005ec8        0xa c:/program files (x86)/atmel/studio/7.0/toolchain/avr8/avr8-gnu-toolchain/bin/../lib/gcc/avr/5.4.0/../../../../avr/lib/avr5\libm.a(cmpsf2.o)
                0x00005ec8                __nesf2
                0x00005ec8                __eqsf2
                0x00005ec8                __cmpsf2
                0x00005ec8                __ltsf2
                0x00005ec8                __lesf2
 .text.avr-libc.fplib
                0x00005ed2        0xa c:/program files (x86)/atmel/studio/7.0/toolchain/avr8/avr8-gnu-toolchain/bin/../lib/gcc/avr/5.4.0/../../../../avr/lib/avr5\libm.a(cos.o)
                0x00005ed2                cos
 .text.avr-libc.fplib
                0x00005edc        0x8 c:/program files (x86)/atmel/studio/7.0/toolchain/avr8/avr8-gnu-toolchain/bin/../lib/gcc/avr/5.4.0/../../../../avr/lib/avr5\libm.a(divsf3.o)
                0x00005edc                __divsf3
 .text.avr-libc.fplib
                0x00005ee4       0xdc c:/program files (x86)/atmel/studio/7.0/toolchain/avr8/avr8-gnu-toolchain/bin/../lib/gcc/avr/5.4.0/../../../../avr/lib/avr5\libm.a(divsf3x.o)
                0x00005f04                __divsf3x
                0x00005f0a                __divsf3_pse
 .text.avr-libc.fplib
                0x00005fc0        0xe c:/program files (x86)/atmel/studio/7.0/toolchain/avr8/avr8-gnu-toolchain/bin/../lib/gcc/avr/5.4.0/../../../../avr/lib/avr5\libm.a(fixsfsi.o)
                0x00005fc0                __fixsfsi
 .text.avr-libc.fplib
                0x00005fce       0x5e c:/program files (x86)/atmel/studio/7.0/toolchain/avr8/avr8-gnu-toolchain/bin/../lib/gcc/avr/5.4.0/../../../../avr/lib/avr5\libm.a(fixunssfsi.o)
                0x00005fce                __fixunssfsi
 .text.avr-libc.fplib
                0x0000602c       0x7a c:/program files (x86)/atmel/studio/7.0/toolchain/avr8/avr8-gnu-toolchain/bin/../lib/gcc/avr/5.4.0/../../../../avr/lib/avr5\libm.a(floatsisf.o)
                0x0000602c                __floatunsisf
                0x00006030                __floatsisf
 .text.avr-libc.fplib
                0x000060a6       0x2e c:/program files (x86)/atmel/studio/7.0/toolchain/avr8/avr8-gnu-toolchain/bin/../lib/gcc/avr/5.4.0/../../../../avr/lib/avr5\libm.a(floor.o)
                0x000060a6                floor
 .text.avr-libc.fplib
                0x000060d4       0x48 c:/program files (x86)/atmel/studio/7.0/toolchain/avr8/avr8-gnu-toolchain/bin/../lib/gcc/avr/5.4.0/../../../../avr/lib/avr5\libm.a(fp_cmp.o)
                0x000060d4                __fp_cmp
 .text.avr-libc.fplib
                0x0000611c        0xc c:/program files (x86)/atmel/studio/7.0/toolchain/avr8/avr8-gnu-toolchain/bin/../lib/gcc/avr/5.4.0/../../../../avr/lib/avr5\libm.a(fp_inf.o)
                0x0000611c                __fp_inf
 .text.avr-libc.fplib
                0x00006128       0x36 c:/program files (x86)/atmel/studio/7.0/toolchain/avr8/avr8-gnu-toolchain/bin/../lib/gcc/avr/5.4.0/../../../../avr/lib/avr5\libm.a(fp_mintl.o)
                0x00006128                __fp_mintl
 .text.avr-libc.fplib
                0x0000615e       0x1c c:/program files (x86)/atmel/studio/7.0/toolchain/avr8/avr8-gnu-toolchain/bin/../lib/gcc/avr/5.4.0/../../../../avr/lib/avr5\libm.a(fp_mpack.o)
                0x0000615e                __fp_mpack
                0x00006162                __fp_mpack_finite
 .text.avr-libc.fplib
                0x0000617a        0x6 c:/program files (x86)/atmel/studio/7.0/toolchain/avr8/avr8-gnu-toolchain/bin/../lib/gcc/avr/5.4.0/../../../../avr/lib/avr5\libm.a(fp_nan.o)
                0x0000617a                __fp_nan
 .text.avr-libc.fplib
                0x00006180       0x4e c:/program files (x86)/atmel/studio/7.0/toolchain/avr8/avr8-gnu-toolchain/bin/../lib/gcc/avr/5.4.0/../../../../avr/lib/avr5\libm.a(fp_powser.o)
                0x00006180                __fp_powser
 .text.avr-libc.fplib
                0x000061ce        0xe c:/program files (x86)/atmel/studio/7.0/toolchain/avr8/avr8-gnu-toolchain/bin/../lib/gcc/avr/5.4.0/../../../../avr/lib/avr5\libm.a(fp_pscA.o)
                0x000061ce                __fp_pscA
 .text.avr-libc.fplib
                0x000061dc        0xe c:/program files (x86)/atmel/studio/7.0/toolchain/avr8/avr8-gnu-toolchain/bin/../lib/gcc/avr/5.4.0/../../../../avr/lib/avr5\libm.a(fp_pscB.o)
                0x000061dc                __fp_pscB
 .text.avr-libc.fplib
                0x000061ea       0x56 c:/program files (x86)/atmel/studio/7.0/toolchain/avr8/avr8-gnu-toolchain/bin/../lib/gcc/avr/5.4.0/../../../../avr/lib/avr5\libm.a(fp_rempio2.o)
                0x000061ee                __fp_rempio2
 .text.avr-libc.fplib
                0x00006240       0x22 c:/program files (x86)/atmel/studio/7.0/toolchain/avr8/avr8-gnu-toolchain/bin/../lib/gcc/avr/5.4.0/../../../../avr/lib/avr5\libm.a(fp_round.o)
                0x00006240                __fp_round
 .text.avr-libc.fplib
                0x00006262       0x28 c:/program files (x86)/atmel/studio/7.0/toolchain/avr8/avr8-gnu-toolchain/bin/../lib/gcc/avr/5.4.0/../../../../avr/lib/avr5\libm.a(fp_sinus.o)
                0x00006262                __fp_sinus
 .text.avr-libc.fplib
                0x0000628a       0x44 c:/program files (x86)/atmel/studio/7.0/toolchain/avr8/avr8-gnu-toolchain/bin/../lib/gcc/avr/5.4.0/../../../../avr/lib/avr5\libm.a(fp_split3.o)
                0x0000628a                __fp_split3
                0x0000629a                __fp_splitA
 .text.avr-libc.fplib
                0x000062ce       0x30 c:/program files (x86)/atmel/studio/7.0/toolchain/avr8/avr8-gnu-toolchain/bin/../lib/gcc/avr/5.4.0/../../../../avr/lib/avr5\libm.a(fp_trunc.o)
                0x000062ce                __fp_trunc
 .text.avr-libc.fplib
                0x000062fe        0xe c:/program files (x86)/atmel/studio/7.0/toolchain/avr8/avr8-gnu-toolchain/bin/../lib/gcc/avr/5.4.0/../../../../avr/lib/avr5\libm.a(fp_zero.o)
                0x000062fe                __fp_zero
                0x00006300                __fp_szero
 .text.avr-libc.fplib
                0x0000630c        0xa c:/program files (x86)/atmel/studio/7.0/toolchain/avr8/avr8-gnu-toolchain/bin/../lib/gcc/avr/5.4.0/../../../../avr/lib/avr5\libm.a(gesf2.o)
                0x0000630c                __gesf2
                0x0000630c                __gtsf2
 .text.avr-libc.fplib
                0x00006316       0x10 c:/program files (x86)/atmel/studio/7.0/toolchain/avr8/avr8-gnu-toolchain/bin/../lib/gcc/avr/5.4.0/../../../../avr/lib/avr5\libm.a(inverse.o)
                0x00006316                inverse
 .text.avr-libc.fplib
                0x00006326       0x66 c:/program files (x86)/atmel/studio/7.0/toolchain/avr8/avr8-gnu-toolchain/bin/../lib/gcc/avr/5.4.0/../../../../avr/lib/avr5\libm.a(lround.o)
                0x00006326                lround
 .text.avr-libc.fplib
                0x0000638c        0x8 c:/program files (x86)/atmel/studio/7.0/toolchain/avr8/avr8-gnu-toolchain/bin/../lib/gcc/avr/5.4.0/../../../../avr/lib/avr5\libm.a(mulsf3.o)
                0x0000638c                __mulsf3
 .text.avr-libc.fplib
                0x00006394       0xd2 c:/program files (x86)/atmel/studio/7.0/toolchain/avr8/avr8-gnu-toolchain/bin/../lib/gcc/avr/5.4.0/../../../../avr/lib/avr5\libm.a(mulsf3x.o)
                0x000063b2                __mulsf3x
                0x000063b8                __mulsf3_pse
 .text.avr-libc.fplib
                0x00006466       0x48 c:/program files (x86)/atmel/studio/7.0/toolchain/avr8/avr8-gnu-toolchain/bin/../lib/gcc/avr/5.4.0/../../../../avr/lib/avr5\libm.a(round.o)
                0x00006466                round
 .text.avr-libc.fplib
                0x000064ae       0x10 c:/program files (x86)/atmel/studio/7.0/toolchain/avr8/avr8-gnu-toolchain/bin/../lib/gcc/avr/5.4.0/../../../../avr/lib/avr5\libm.a(sin.o)
                0x000064ae                sin
 .text.avr-libc.fplib
                0x000064be       0x8c c:/program files (x86)/atmel/studio/7.0/toolchain/avr8/avr8-gnu-toolchain/bin/../lib/gcc/avr/5.4.0/../../../../avr/lib/avr5\libm.a(sqrt.o)
                0x000064ca                sqrtf
                0x000064ca                sqrt
 .text.avr-libc.fplib
                0x0000654a        0x8 c:/program files (x86)/atmel/studio/7.0/toolchain/avr8/avr8-gnu-toolchain/bin/../lib/gcc/avr/5.4.0/../../../../avr/lib/avr5\libm.a(square.o)
                0x0000654a                square
 .text.avr-libc.fplib
                0x00006552       0x16 c:/program files (x86)/atmel/studio/7.0/toolchain/avr8/avr8-gnu-toolchain/bin/../lib/gcc/avr/5.4.0/../../../../avr/lib/avr5\libm.a(trunc.o)
                0x00006552                trunc
 .text.avr-libc.fplib
                0x00006568        0xe c:/program files (x86)/atmel/studio/7.0/toolchain/avr8/avr8-gnu-toolchain/bin/../lib/gcc/avr/5.4.0/../../../../avr/lib/avr5\libm.a(fp_norm2.o)
                0x00006568                __fp_norm2
 .text.avr-libc.fplib
                0x00006576       0x28 c:/program files (x86)/atmel/studio/7.0/toolchain/avr8/avr8-gnu-toolchain/bin/../lib/gcc/avr/5.4.0/../../../../avr/lib/avr5\libm.a(fp_powsodd.o)
                0x00006576                __fp_powsodd
 .text.libgcc   0x0000659e        0xc c:/program files (x86)/atmel/studio/7.0/toolchain/avr8/avr8-gnu-toolchain/bin/../lib/gcc/avr/5.4.0/avr5\libgcc.a(_tablejump2.o)
                0x0000659e                __tablejump2__
 .text.libgcc.mul
                0x000065aa       0x1e c:/program files (x86)/atmel/studio/7.0/toolchain/avr8/avr8-gnu-toolchain/bin/../lib/gcc/avr/5.4.0/avr5\libgcc.a(_umulhisi3.o)
                0x000065aa                __umulhisi3
 .text.avr-libc
                0x000065c8       0x1a c:/program files (x86)/atmel/studio/7.0/toolchain/avr8/avr8-gnu-toolchain/bin/../lib/gcc/avr/5.4.0/../../../../avr/lib/avr5\libc.a(memcmp.o)
                0x000065c8                memcmp
                0x000065e2                . = ALIGN (0x2)
 *(.fini9)
 .fini9         0x000065e2        0x0 c:/program files (x86)/atmel/studio/7.0/toolchain/avr8/avr8-gnu-toolchain/bin/../lib/gcc/avr/5.4.0/avr5\libgcc.a(_exit.o)
                0x000065e2                _exit
                0x000065e2                exit
 *(.fini9)
 *(.fini8)
 *(.fini8)
 *(.fini7)
 *(.fini7)
 *(.fini6)
 *(.fini6)
 *(.fini5)
 *(.fini5)
 *(.fini4)
 *(.fini4)
 *(.fini3)
 *(.fini3)
 *(.fini2)
 *(.fini2)
 *(.fini1)
 *(.fini1)
 *(.fini0)
 .fini0         0x000065e2        0x4 c:/program files (x86)/atmel/studio/7.0/toolchain/avr8/avr8-gnu-toolchain/bin/../lib/gcc/avr/5.4.0/avr5\libgcc.a(_exit.o)
 *(.fini0)
                0x000065e6                _etext = .

.data           0x00800100        0x2 load address 0x000065e6
                0x00800100                PROVIDE (__data_start, .)
 *(.data)
 *(.data*)
 .data.p_gcode  0x00800100        0x2 grbl/protocol.o
                0x00800100                p_gcode
 *(.gnu.linkonce.d*)
 *(.rodata)
 *(.rodata*)
 *(.gnu.linkonce.r*)
                0x00800102                . = ALIGN (0x2)
                0x00800102                _edata = .
                0x00800102                PROVIDE (__data_end, .)

.bss            0x00800102      0x662
                0x00800102                PROVIDE (__bss_start, .)
 *(.bss)
 *(.bss*)
 .bss.pwm_gradient
                0x00800102        0x4 grbl/spindle_control.o
 .bss.serial_tx_buffer_tail
                0x00800106        0x1 grbl/serial.o
                0x00800106                serial_tx_buffer_tail
 .bss.serial_tx_buffer_head
                0x00800107        0x1 grbl/serial.o
                0x00800107                serial_tx_buffer_head
 .bss.serial_rx_buffer_tail
                0x00800108        0x1 grbl/serial.o
                0x00800108                serial_rx_buffer_tail
 .bss.serial_rx_buffer_head
                0x00800109        0x1 grbl/serial.o
                0x00800109                serial_rx_buffer_head
 .bss.line      0x0080010a       0x50 grbl/protocol.o
 .bss.prep      0x0080015a       0x30 grbl/stepper.o
 .bss.st_prep_block
                0x0080018a        0x2 grbl/stepper.o
 .bss.pl_block  0x0080018c        0x2 grbl/stepper.o
 .bss.busy      0x0080018e        0x1 grbl/stepper.o
 .bss.dir_port_invert_mask
                0x0080018f        0x1 grbl/stepper.o
 .bss.step_port_invert_mask
                0x00800190        0x1 grbl/stepper.o
 .bss.segment_next_head
                0x00800191        0x1 grbl/stepper.o
 .bss.segment_buffer_head
                0x00800192        0x1 grbl/stepper.o
 .bss.segment_buffer_tail
                0x00800193        0x1 grbl/stepper.o
 .bss.st        0x00800194       0x23 grbl/stepper.o
 .bss.segment_buffer
                0x008001b7       0x2a grbl/stepper.o
 .bss.st_block_buffer
                0x008001e1       0x5a grbl/stepper.o
 .bss.pl        0x0080023b       0x1c grbl/planner.o
 .bss.block_buffer_planned
                0x00800257        0x1 grbl/planner.o
 .bss.next_buffer_head
                0x00800258        0x1 grbl/planner.o
 .bss.block_buffer_head
                0x00800259        0x1 grbl/planner.o
 .bss.block_buffer_tail
                0x0080025a        0x1 grbl/planner.o
 .bss.block_buffer
                0x0080025b      0x320 grbl/planner.o
 *(COMMON)
 COMMON         0x0080057b       0x2f grbl/main.o
                0x0080057b                sys_rt_exec_motion_override
                0x0080057c                sys
                0x0080058d                sys_rt_exec_accessory_override
                0x0080058e                sys_rt_exec_state
                0x0080058f                sys_probe_state
                0x00800590                sys_probe_position
                0x0080059c                sys_position
                0x008005a8                sys_rt_exec_alarm
                0x008005a9                sys_rt_exec_debug
 COMMON         0x008005aa       0x7a grbl/gcode.o
                0x008005aa                gc_state
                0x008005ea                gc_block
 COMMON         0x00800624       0xea grbl/serial.o
                0x00800624                serial_tx_buffer
                0x0080068d                serial_rx_buffer
 COMMON         0x0080070e       0x55 grbl/settings.o
                0x0080070e                settings
 COMMON         0x00800763        0x1 grbl/probe.o
                0x00800763                probe_invert_mask
                0x00800764                PROVIDE (__bss_end, .)
                0x000065e6                __data_load_start = LOADADDR (.data)
                0x000065e8                __data_load_end = (__data_load_start + SIZEOF (.data))

.noinit         0x00800764        0x0
                [!provide]                PROVIDE (__noinit_start, .)
 *(.noinit*)
                [!provide]                PROVIDE (__noinit_end, .)
                0x00800764                _end = .
                [!provide]                PROVIDE (__heap_start, .)

.eeprom         0x00810000        0x0
 *(.eeprom*)
                0x00810000                __eeprom_end = .

.fuse
 *(.fuse)
 *(.lfuse)
 *(.hfuse)
 *(.efuse)

.lock
 *(.lock*)

.signature
 *(.signature*)

.user_signatures
 *(.user_signatures*)

.stab
 *(.stab)

.stabstr
 *(.stabstr)

.stab.excl
 *(.stab.excl)

.stab.exclstr
 *(.stab.exclstr)

.stab.index
 *(.stab.index)

.stab.indexstr
 *(.stab.indexstr)

.comment        0x00000000       0x30
 *(.comment)
 .comment       0x00000000       0x30 grbl/main.o
                                 0x31 (size before relaxing)
 .comment       0x00000030       0x31 grbl/motion_control.o
 .comment       0x00000030       0x31 grbl/gcode.o
 .comment       0x00000030       0x31 grbl/spindle_control.o
 .comment       0x00000030       0x31 grbl/coolant_control.o
 .comment       0x00000030       0x31 grbl/serial.o
 .comment       0x00000030       0x31 grbl/protocol.o
 .comment       0x00000030       0x31 grbl/stepper.o
 .comment       0x00000030       0x31 grbl/eeprom.o
 .comment       0x00000030       0x31 grbl/settings.o
 .comment       0x00000030       0x31 grbl/planner.o
 .comment       0x00000030       0x31 grbl/nuts_bolts.o
 .comment       0x00000030       0x31 grbl/limits.o
 .comment       0x00000030       0x31 grbl/jog.o
 .comment       0x00000030       0x31 grbl/probe.o
 .comment       0x00000030       0x31 grbl/report.o
 .comment       0x00000030       0x31 grbl/system.o

.note.gnu.avr.deviceinfo
                0x00000000       0x40
 .note.gnu.avr.deviceinfo
                0x00000000       0x40 C:/Program Files (x86)/Atmel/Studio/7.0/Packs/atmel/ATmega_DFP/1.3.300/gcc/dev/atmega328p/avr5/crtatmega328p.o

.note.gnu.build-id
 *(.note.gnu.build-id)

.debug
 *(.debug)

.line
 *(.line)

.debug_srcinfo
 *(.debug_srcinfo)

.debug_sfnames
 *(.debug_sfnames)

.debug_aranges  0x00000000      0x5b8
 *(.debug_aranges)
 .debug_aranges
                0x00000000       0x20 grbl/main.o
 .debug_aranges
                0x00000020       0x48 grbl/motion_control.o
 .debug_aranges
                0x00000068       0x30 grbl/gcode.o
 .debug_aranges
                0x00000098       0x50 grbl/spindle_control.o
 .debug_aranges
                0x000000e8       0x40 grbl/coolant_control.o
 .debug_aranges
                0x00000128       0x60 grbl/serial.o
 .debug_aranges
                0x00000188       0x48 grbl/protocol.o
 .debug_aranges
                0x000001d0       0x68 grbl/stepper.o
 .debug_aranges
                0x00000238       0x38 grbl/eeprom.o
 .debug_aranges
                0x00000270       0x88 grbl/settings.o
 .debug_aranges
                0x000002f8       0x98 grbl/planner.o
 .debug_aranges
                0x00000390       0x50 grbl/nuts_bolts.o
 .debug_aranges
                0x000003e0       0x48 grbl/limits.o
 .debug_aranges
                0x00000428       0x20 grbl/jog.o
 .debug_aranges
                0x00000448       0x38 grbl/probe.o
 .debug_aranges
                0x00000480       0x90 grbl/report.o
 .debug_aranges
                0x00000510       0xa8 grbl/system.o

.debug_pubnames
 *(.debug_pubnames)

.debug_info     0x00000000     0x828a
 *(.debug_info .gnu.linkonce.wi.*)
 .debug_info    0x00000000      0x5f4 C:/Program Files (x86)/Atmel/Studio/7.0/Packs/atmel/ATmega_DFP/1.3.300/gcc/dev/atmega328p/avr5/crtatmega328p.o
 .debug_info    0x000005f4      0x52b grbl/main.o
 .debug_info    0x00000b1f      0xa5e grbl/motion_control.o
 .debug_info    0x0000157d      0xda2 grbl/gcode.o
 .debug_info    0x0000231f      0x44d grbl/spindle_control.o
 .debug_info    0x0000276c      0x23d grbl/coolant_control.o
 .debug_info    0x000029a9      0x58d grbl/serial.o
 .debug_info    0x00002f36      0xd4e grbl/protocol.o
 .debug_info    0x00003c84      0xbe5 grbl/stepper.o
 .debug_info    0x00004869      0x227 grbl/eeprom.o
 .debug_info    0x00004a90      0x979 grbl/settings.o
 .debug_info    0x00005409      0xb4f grbl/planner.o
 .debug_info    0x00005f58      0x628 grbl/nuts_bolts.o
 .debug_info    0x00006580      0x789 grbl/limits.o
 .debug_info    0x00006d09      0x541 grbl/jog.o
 .debug_info    0x0000724a      0x2b6 grbl/probe.o
 .debug_info    0x00007500      0x283 grbl/report.o
 .debug_info    0x00007783      0xb07 grbl/system.o

.debug_abbrev   0x00000000     0x21e2
 *(.debug_abbrev)
 .debug_abbrev  0x00000000      0x5a2 C:/Program Files (x86)/Atmel/Studio/7.0/Packs/atmel/ATmega_DFP/1.3.300/gcc/dev/atmega328p/avr5/crtatmega328p.o
 .debug_abbrev  0x000005a2       0xfe grbl/main.o
 .debug_abbrev  0x000006a0      0x1e5 grbl/motion_control.o
 .debug_abbrev  0x00000885      0x1a7 grbl/gcode.o
 .debug_abbrev  0x00000a2c      0x1ad grbl/spindle_control.o
 .debug_abbrev  0x00000bd9      0x143 grbl/coolant_control.o
 .debug_abbrev  0x00000d1c      0x1ae grbl/serial.o
 .debug_abbrev  0x00000eca      0x1de grbl/protocol.o
 .debug_abbrev  0x000010a8      0x23f grbl/stepper.o
 .debug_abbrev  0x000012e7       0xfd grbl/eeprom.o
 .debug_abbrev  0x000013e4      0x21b grbl/settings.o
 .debug_abbrev  0x000015ff      0x2db grbl/planner.o
 .debug_abbrev  0x000018da      0x1c4 grbl/nuts_bolts.o
 .debug_abbrev  0x00001a9e      0x1ee grbl/limits.o
 .debug_abbrev  0x00001c8c      0x102 grbl/jog.o
 .debug_abbrev  0x00001d8e      0x10b grbl/probe.o
 .debug_abbrev  0x00001e99       0xcf grbl/report.o
 .debug_abbrev  0x00001f68      0x27a grbl/system.o

.debug_line     0x00000000     0x516d
 *(.debug_line .debug_line.* .debug_line_end)
 .debug_line    0x00000000      0x133 C:/Program Files (x86)/Atmel/Studio/7.0/Packs/atmel/ATmega_DFP/1.3.300/gcc/dev/atmega328p/avr5/crtatmega328p.o
 .debug_line    0x00000133      0x298 grbl/main.o
 .debug_line    0x000003cb      0x48f grbl/motion_control.o
 .debug_line    0x0000085a      0xd95 grbl/gcode.o
 .debug_line    0x000015ef      0x256 grbl/spindle_control.o
 .debug_line    0x00001845      0x165 grbl/coolant_control.o
 .debug_line    0x000019aa      0x32c grbl/serial.o
 .debug_line    0x00001cd6      0x971 grbl/protocol.o
 .debug_line    0x00002647      0x92c grbl/stepper.o
 .debug_line    0x00002f73      0x22d grbl/eeprom.o
 .debug_line    0x000031a0      0x5c7 grbl/settings.o
 .debug_line    0x00003767      0x65c grbl/planner.o
 .debug_line    0x00003dc3      0x3f6 grbl/nuts_bolts.o
 .debug_line    0x000041b9      0x471 grbl/limits.o
 .debug_line    0x0000462a      0x13e grbl/jog.o
 .debug_line    0x00004768      0x142 grbl/probe.o
 .debug_line    0x000048aa      0x18f grbl/report.o
 .debug_line    0x00004a39      0x734 grbl/system.o

.debug_frame    0x00000000     0x1230
 *(.debug_frame)
 .debug_frame   0x00000000       0x24 grbl/main.o
 .debug_frame   0x00000024      0x12c grbl/motion_control.o
 .debug_frame   0x00000150       0xa4 grbl/gcode.o
 .debug_frame   0x000001f4       0xdc grbl/spindle_control.o
 .debug_frame   0x000002d0       0x6c grbl/coolant_control.o
 .debug_frame   0x0000033c      0x10c grbl/serial.o
 .debug_frame   0x00000448       0xf0 grbl/protocol.o
 .debug_frame   0x00000538      0x1b0 grbl/stepper.o
 .debug_frame   0x000006e8       0xcc grbl/eeprom.o
 .debug_frame   0x000007b4      0x17c grbl/settings.o
 .debug_frame   0x00000930      0x250 grbl/planner.o
 .debug_frame   0x00000b80      0x1bc grbl/nuts_bolts.o
 .debug_frame   0x00000d3c      0x148 grbl/limits.o
 .debug_frame   0x00000e84       0x38 grbl/jog.o
 .debug_frame   0x00000ebc       0x54 grbl/probe.o
 .debug_frame   0x00000f10      0x104 grbl/report.o
 .debug_frame   0x00001014      0x21c grbl/system.o

.debug_str      0x00000000     0x1c27
 *(.debug_str)
 .debug_str     0x00000000      0x208 C:/Program Files (x86)/Atmel/Studio/7.0/Packs/atmel/ATmega_DFP/1.3.300/gcc/dev/atmega328p/avr5/crtatmega328p.o
 .debug_str     0x00000208      0x470 grbl/main.o
                                0x505 (size before relaxing)
 .debug_str     0x00000678      0x2c5 grbl/motion_control.o
                                0x6fa (size before relaxing)
 .debug_str     0x0000093d      0x2c2 grbl/gcode.o
                                0x74c (size before relaxing)
 .debug_str     0x00000bff       0x65 grbl/spindle_control.o
                                0x410 (size before relaxing)
 .debug_str     0x00000c64       0x3a grbl/coolant_control.o
                                0x29e (size before relaxing)
 .debug_str     0x00000c9e      0x17b grbl/serial.o
                                0x414 (size before relaxing)
 .debug_str     0x00000e19      0x31d grbl/protocol.o
                                0x95c (size before relaxing)
 .debug_str     0x00001136      0x446 grbl/stepper.o
                                0x990 (size before relaxing)
 .debug_str     0x0000157c       0xac grbl/eeprom.o
                                0x205 (size before relaxing)
 .debug_str     0x00001628      0x138 grbl/settings.o
                                0x56b (size before relaxing)
 .debug_str     0x00001760      0x211 grbl/planner.o
                                0x7d4 (size before relaxing)
 .debug_str     0x00001971       0xbc grbl/nuts_bolts.o
                                0x3d3 (size before relaxing)
 .debug_str     0x00001a2d       0x92 grbl/limits.o
                                0x5b7 (size before relaxing)
 .debug_str     0x00001abf        0xe grbl/jog.o
                                0x499 (size before relaxing)
 .debug_str     0x00001acd       0x22 grbl/probe.o
                                0x348 (size before relaxing)
 .debug_str     0x00001aef       0xb4 grbl/report.o
                                0x2d5 (size before relaxing)
 .debug_str     0x00001ba3       0x84 grbl/system.o
                                0x7d7 (size before relaxing)

.debug_loc      0x00000000     0x5ecc
 *(.debug_loc)
 .debug_loc     0x00000000       0x13 grbl/main.o
 .debug_loc     0x00000013      0x8ec grbl/motion_control.o
 .debug_loc     0x000008ff      0xde3 grbl/gcode.o
 .debug_loc     0x000016e2      0x2bd grbl/spindle_control.o
 .debug_loc     0x0000199f       0x6d grbl/coolant_control.o
 .debug_loc     0x00001a0c      0x31e grbl/serial.o
 .debug_loc     0x00001d2a      0x3d9 grbl/protocol.o
 .debug_loc     0x00002103      0xb05 grbl/stepper.o
 .debug_loc     0x00002c08      0x480 grbl/eeprom.o
 .debug_loc     0x00003088      0xad5 grbl/settings.o
 .debug_loc     0x00003b5d      0x9f7 grbl/planner.o
 .debug_loc     0x00004554      0xbb2 grbl/nuts_bolts.o
 .debug_loc     0x00005106      0x63b grbl/limits.o
 .debug_loc     0x00005741       0xd3 grbl/jog.o
 .debug_loc     0x00005814       0x21 grbl/probe.o
 .debug_loc     0x00005835      0x697 grbl/system.o

.debug_macinfo
 *(.debug_macinfo)

.debug_weaknames
 *(.debug_weaknames)

.debug_funcnames
 *(.debug_funcnames)

.debug_typenames
 *(.debug_typenames)

.debug_varnames
 *(.debug_varnames)

.debug_pubtypes
 *(.debug_pubtypes)

.debug_ranges   0x00000000      0x5a8
 *(.debug_ranges)
 .debug_ranges  0x00000000       0x10 grbl/main.o
 .debug_ranges  0x00000010       0x38 grbl/motion_control.o
 .debug_ranges  0x00000048       0x80 grbl/gcode.o
 .debug_ranges  0x000000c8       0x40 grbl/spindle_control.o
 .debug_ranges  0x00000108       0x30 grbl/coolant_control.o
 .debug_ranges  0x00000138       0x50 grbl/serial.o
 .debug_ranges  0x00000188       0x50 grbl/protocol.o
 .debug_ranges  0x000001d8       0x90 grbl/stepper.o
 .debug_ranges  0x00000268       0x28 grbl/eeprom.o
 .debug_ranges  0x00000290       0xb0 grbl/settings.o
 .debug_ranges  0x00000340       0x88 grbl/planner.o
 .debug_ranges  0x000003c8       0x40 grbl/nuts_bolts.o
 .debug_ranges  0x00000408       0x50 grbl/limits.o
 .debug_ranges  0x00000458       0x10 grbl/jog.o
 .debug_ranges  0x00000468       0x28 grbl/probe.o
 .debug_ranges  0x00000490       0x80 grbl/report.o
 .debug_ranges  0x00000510       0x98 grbl/system.o

.debug_macro
 *(.debug_macro)
OUTPUT(MyGRBL.elf elf32-avr)
LOAD linker stubs

.gcode          0x00006800        0x0
